Archive member included because of file (symbol)

/opt/Freescale/KDS_v3/toolchain/bin/../lib/gcc/arm-none-eabi/4.8.4/../../../../arm-none-eabi/lib/armv6-m/libstdc++_s.a(eh_arm.o)
                              ./Sources/main.o (__cxa_end_cleanup)
/opt/Freescale/KDS_v3/toolchain/bin/../lib/gcc/arm-none-eabi/4.8.4/../../../../arm-none-eabi/lib/armv6-m/libstdc++_s.a(eh_terminate.o)
                              /opt/Freescale/KDS_v3/toolchain/bin/../lib/gcc/arm-none-eabi/4.8.4/../../../../arm-none-eabi/lib/armv6-m/libstdc++_s.a(eh_arm.o) (std::terminate())
/opt/Freescale/KDS_v3/toolchain/bin/../lib/gcc/arm-none-eabi/4.8.4/../../../../arm-none-eabi/lib/armv6-m/libstdc++_s.a(eh_unex_handler.o)
                              /opt/Freescale/KDS_v3/toolchain/bin/../lib/gcc/arm-none-eabi/4.8.4/../../../../arm-none-eabi/lib/armv6-m/libstdc++_s.a(eh_terminate.o) (__cxxabiv1::__unexpected_handler)
/opt/Freescale/KDS_v3/toolchain/bin/../lib/gcc/arm-none-eabi/4.8.4/../../../../arm-none-eabi/lib/armv6-m/libstdc++_s.a(eh_personality.o)
                              ./Sources/main.o (__gxx_personality_v0)
/opt/Freescale/KDS_v3/toolchain/bin/../lib/gcc/arm-none-eabi/4.8.4/../../../../arm-none-eabi/lib/armv6-m/libstdc++_s.a(eh_globals.o)
                              /opt/Freescale/KDS_v3/toolchain/bin/../lib/gcc/arm-none-eabi/4.8.4/../../../../arm-none-eabi/lib/armv6-m/libstdc++_s.a(eh_arm.o) (__cxa_get_globals)
/opt/Freescale/KDS_v3/toolchain/bin/../lib/gcc/arm-none-eabi/4.8.4/../../../../arm-none-eabi/lib/armv6-m/libstdc++_s.a(atexit_arm.o)
                              ./Sources/main.o (__aeabi_atexit)
/opt/Freescale/KDS_v3/toolchain/bin/../lib/gcc/arm-none-eabi/4.8.4/../../../../arm-none-eabi/lib/armv6-m/libstdc++_s.a(eh_term_handler.o)
                              /opt/Freescale/KDS_v3/toolchain/bin/../lib/gcc/arm-none-eabi/4.8.4/../../../../arm-none-eabi/lib/armv6-m/libstdc++_s.a(eh_terminate.o) (__cxxabiv1::__terminate_handler)
/opt/Freescale/KDS_v3/toolchain/bin/../lib/gcc/arm-none-eabi/4.8.4/../../../../arm-none-eabi/lib/armv6-m/libstdc++_s.a(vterminate.o)
                              /opt/Freescale/KDS_v3/toolchain/bin/../lib/gcc/arm-none-eabi/4.8.4/../../../../arm-none-eabi/lib/armv6-m/libstdc++_s.a(eh_term_handler.o) (__gnu_cxx::__verbose_terminate_handler())
/opt/Freescale/KDS_v3/toolchain/bin/../lib/gcc/arm-none-eabi/4.8.4/../../../../arm-none-eabi/lib/armv6-m/libstdc++_s.a(eh_type.o)
                              /opt/Freescale/KDS_v3/toolchain/bin/../lib/gcc/arm-none-eabi/4.8.4/../../../../arm-none-eabi/lib/armv6-m/libstdc++_s.a(vterminate.o) (__cxa_current_exception_type)
/opt/Freescale/KDS_v3/toolchain/bin/../lib/gcc/arm-none-eabi/4.8.4/../../../../arm-none-eabi/lib/armv6-m/libstdc++_s.a(eh_exception.o)
                              /opt/Freescale/KDS_v3/toolchain/bin/../lib/gcc/arm-none-eabi/4.8.4/../../../../arm-none-eabi/lib/armv6-m/libstdc++_s.a(eh_arm.o) (typeinfo for __cxxabiv1::__forced_unwind)
/opt/Freescale/KDS_v3/toolchain/bin/../lib/gcc/arm-none-eabi/4.8.4/../../../../arm-none-eabi/lib/armv6-m/libstdc++_s.a(pure.o)
                              /opt/Freescale/KDS_v3/toolchain/bin/../lib/gcc/arm-none-eabi/4.8.4/../../../../arm-none-eabi/lib/armv6-m/libstdc++_s.a(eh_exception.o) (__cxa_pure_virtual)
/opt/Freescale/KDS_v3/toolchain/bin/../lib/gcc/arm-none-eabi/4.8.4/../../../../arm-none-eabi/lib/armv6-m/libstdc++_s.a(eh_call.o)
                              /opt/Freescale/KDS_v3/toolchain/bin/../lib/gcc/arm-none-eabi/4.8.4/../../../../arm-none-eabi/lib/armv6-m/libstdc++_s.a(eh_personality.o) (__cxa_call_terminate)
/opt/Freescale/KDS_v3/toolchain/bin/../lib/gcc/arm-none-eabi/4.8.4/../../../../arm-none-eabi/lib/armv6-m/libstdc++_s.a(allocator-inst.o)
                              ./Sources/main.o (std::allocator<char>::allocator())
/opt/Freescale/KDS_v3/toolchain/bin/../lib/gcc/arm-none-eabi/4.8.4/../../../../arm-none-eabi/lib/armv6-m/libstdc++_s.a(string-inst.o)
                              ./Sources/Bibliotecas/I2C/mkl_LCD.o (std::string::length() const)
/opt/Freescale/KDS_v3/toolchain/bin/../lib/gcc/arm-none-eabi/4.8.4/../../../../arm-none-eabi/lib/armv6-m/libstdc++_s.a(cp-demangle.o)
                              /opt/Freescale/KDS_v3/toolchain/bin/../lib/gcc/arm-none-eabi/4.8.4/../../../../arm-none-eabi/lib/armv6-m/libstdc++_s.a(vterminate.o) (__cxa_demangle)
/opt/Freescale/KDS_v3/toolchain/bin/../lib/gcc/arm-none-eabi/4.8.4/../../../../arm-none-eabi/lib/armv6-m/libstdc++_s.a(eh_catch.o)
                              /opt/Freescale/KDS_v3/toolchain/bin/../lib/gcc/arm-none-eabi/4.8.4/../../../../arm-none-eabi/lib/armv6-m/libstdc++_s.a(eh_call.o) (__cxa_begin_catch)
/opt/Freescale/KDS_v3/toolchain/bin/../lib/gcc/arm-none-eabi/4.8.4/../../../../arm-none-eabi/lib/armv6-m/libstdc++_s.a(new_op.o)
                              /opt/Freescale/KDS_v3/toolchain/bin/../lib/gcc/arm-none-eabi/4.8.4/../../../../arm-none-eabi/lib/armv6-m/libstdc++_s.a(string-inst.o) (operator new(unsigned int))
[...]
Memory Configuration

Name             Origin             Length             Attributes
m_interrupts     0x00000000         0x00000100         xr
m_flash_config   0x00000400         0x00000010         xr
m_text           0x00000410         0x0001fbf0         xr
m_data           0x1ffff000         0x00004000         rw
*default*        0x00000000         0xffffffff

Linker script and memory map

LOAD /opt/Freescale/KDS_v3/toolchain/bin/../lib/gcc/arm-none-eabi/4.8.4/armv6-m/crti.o
LOAD /opt/Freescale/KDS_v3/toolchain/bin/../lib/gcc/arm-none-eabi/4.8.4/armv6-m/crtbegin.o
LOAD /opt/Freescale/KDS_v3/toolchain/bin/../lib/gcc/arm-none-eabi/4.8.4/../../../../arm-none-eabi/lib/armv6-m/crt0.o
LOAD ./Sources/Teclado/mkl_KeyboardParallelPort.o
LOAD ./Sources/Motor/mkl_TPM.o
LOAD ./Sources/Motor/mkl_TPMPulseWidthModulation.o
LOAD ./Sources/Dispositivos/decoder.o
LOAD ./Sources/Dispositivos/displaySegments.o
LOAD ./Sources/Dispositivos/led.o
LOAD ./Sources/Digitais/digitalFactory.o
LOAD ./Sources/Digitais/registrador.o
LOAD ./Sources/Bibliotecas/Systick/mkl_Systick.o
LOAD ./Sources/Bibliotecas/Systick/mkl_SystickPeriodicInterrupt.o
LOAD ./Sources/Bibliotecas/I2C/mkl_I2C.o
LOAD ./Sources/Bibliotecas/I2C/mkl_I2CPort.o
LOAD ./Sources/Bibliotecas/I2C/mkl_LCD.o
LOAD ./Sources/Bibliotecas/GPIO/mkl_GPIO.o
LOAD ./Sources/Bibliotecas/GPIO/mkl_GPIOInterrupt.o
LOAD ./Sources/Bibliotecas/GPIO/mkl_GPIOPort.o
LOAD ./Sources/Bibliotecas/Delay/dsf_Delay_ocp.o
LOAD ./Sources/Bibliotecas/Delay/dsf_TPM_ocp.o
LOAD ./Sources/main.o
LOAD ./Project_Settings/Startup_Code/startup_MKL25Z4.o
LOAD ./Project_Settings/Startup_Code/system_MKL25Z4.o
LOAD ./Includes/mkl_HC06BluetoothSlave.o
LOAD ./Includes/mkl_UARTInterrupt.o
LOAD ./Includes/mkl_UARTPort.o
LOAD /opt/Freescale/KDS_v3/toolchain/bin/../lib/gcc/arm-none-eabi/4.8.4/../../../../arm-none-eabi/lib/armv6-m/libstdc++_s.a
LOAD /opt/Freescale/KDS_v3/toolchain/bin/../lib/gcc/arm-none-eabi/4.8.4/../../../../arm-none-eabi/lib/armv6-m/libm.a
START GROUP
LOAD /opt/Freescale/KDS_v3/toolchain/bin/../lib/gcc/arm-none-eabi/4.8.4/armv6-m/libgcc.a
LOAD /opt/Freescale/KDS_v3/toolchain/bin/../lib/gcc/arm-none-eabi/4.8.4/../../../../arm-none-eabi/lib/armv6-m/libg_s.a
LOAD /opt/Freescale/KDS_v3/toolchain/bin/../lib/gcc/arm-none-eabi/4.8.4/../../../../arm-none-eabi/lib/armv6-m/libc_s.a
END GROUP
START GROUP
LOAD /opt/Freescale/KDS_v3/toolchain/bin/../lib/gcc/arm-none-eabi/4.8.4/armv6-m/libgcc.a
LOAD /opt/Freescale/KDS_v3/toolchain/bin/../lib/gcc/arm-none-eabi/4.8.4/../../../../arm-none-eabi/lib/armv6-m/libc_s.a
LOAD /opt/Freescale/KDS_v3/toolchain/bin/../lib/gcc/arm-none-eabi/4.8.4/../../../../arm-none-eabi/lib/armv6-m/libnosys.a
END GROUP
START GROUP
LOAD /opt/Freescale/KDS_v3/toolchain/bin/../lib/gcc/arm-none-eabi/4.8.4/armv6-m/libgcc.a
LOAD /opt/Freescale/KDS_v3/toolchain/bin/../lib/gcc/arm-none-eabi/4.8.4/../../../../arm-none-eabi/lib/armv6-m/libc_s.a
LOAD /opt/Freescale/KDS_v3/toolchain/bin/../lib/gcc/arm-none-eabi/4.8.4/../../../../arm-none-eabi/lib/armv6-m/libnosys.a
END GROUP
LOAD /opt/Freescale/KDS_v3/toolchain/bin/../lib/gcc/arm-none-eabi/4.8.4/armv6-m/crtend.o
LOAD /opt/Freescale/KDS_v3/toolchain/bin/../lib/gcc/arm-none-eabi/4.8.4/armv6-m/crtn.o
                0x00000400                HEAP_SIZE = DEFINED (__heap_size__)?__heap_size__:0x400
                0x00000400                STACK_SIZE = DEFINED (__stack_size__)?__stack_size__:0x400

.interrupts     0x00000000       0xc0
                0x00000000                __VECTOR_TABLE = .
                0x00000000                . = ALIGN (0x4)
 *(.isr_vector)
 .isr_vector    0x00000000       0xc0 ./Project_Settings/Startup_Code/startup_MKL25Z4.o
                0x00000000                __isr_vector
                0x000000c0                . = ALIGN (0x4)

.flash_config   0x00000400       0x10
                0x00000400                . = ALIGN (0x4)
 *(.FlashConfig)
 .FlashConfig   0x00000400       0x10 ./Project_Settings/Startup_Code/startup_MKL25Z4.o
                0x00000410                . = ALIGN (0x4)

.text           0x00000410    0x109b4
                0x00000410                . = ALIGN (0x4)
 *(.text)
 .text          0x00000410       0x60 /opt/Freescale/KDS_v3/toolchain/bin/../lib/gcc/arm-none-eabi/4.8.4/armv6-m/crtbegin.o
 .text          0x00000470       0x78 /opt/Freescale/KDS_v3/toolchain/bin/../lib/gcc/arm-none-eabi/4.8.4/../../../../arm-none-eabi/lib/armv6-m/crt0.o
                0x00000470                _mainCRTStartup
                0x00000470                _start
 .text          0x000004e8       0x34 ./Project_Settings/Startup_Code/startup_MKL25Z4.o
                0x000004e8                Reset_Handler
                0x00000514                I2C0_IRQHandler
                0x00000514                HardFault_Handler
                0x00000514                PendSV_Handler
                0x00000514                NMI_Handler
                0x00000514                I2C1_IRQHandler
                0x00000514                UART1_IRQHandler
                0x00000514                DMA2_IRQHandler
                0x00000514                TPM0_IRQHandler
                0x00000514                LLWU_IRQHandler
                0x00000514                TSI0_IRQHandler
                0x00000514                ADC0_IRQHandler
                0x00000514                Reserved39_IRQHandler
                0x00000514                SPI1_IRQHandler
                0x00000514                DefaultISR
                0x00000514                PORTD_IRQHandler
                0x00000514                TPM2_IRQHandler
                0x00000514                RTC_IRQHandler
                0x00000514                RTC_Seconds_IRQHandler
                0x00000514                MCG_IRQHandler
                0x00000514                UART2_IRQHandler
                0x00000514                Reserved20_IRQHandler
                0x00000514                USB0_IRQHandler
                0x00000514                PIT_IRQHandler
                0x00000514                SVC_Handler
                0x00000514                DMA3_IRQHandler
                0x00000514                DMA0_IRQHandler
                0x00000514                DAC0_IRQHandler
                0x00000514                Reserved45_IRQHandler
                0x00000514                TPM1_IRQHandler
                0x00000514                LVD_LVW_IRQHandler
                0x00000514                SPI0_IRQHandler
                0x00000514                PORTA_IRQHandler
                0x00000514                FTFA_IRQHandler
                0x00000514                LPTMR0_IRQHandler
                0x00000514                CMP0_IRQHandler
                0x00000514                DMA1_IRQHandler
 .text          0x0000051c     0x5d44 /opt/Freescale/KDS_v3/toolchain/bin/../lib/gcc/arm-none-eabi/4.8.4/../../../../arm-none-eabi/lib/armv6-m/libstdc++_s.a(cp-demangle.o)
                0x00006178                __cxa_demangle
                0x0000623c                __gcclibcxx_demangle_callback
 .text          0x00006260       0x14 /opt/Freescale/KDS_v3/toolchain/bin/../lib/gcc/arm-none-eabi/4.8.4/armv6-m/libgcc.a(_thumb1_case_sqi.o)
                0x00006260                __gnu_thumb1_case_sqi
 .text          0x00006274       0x14 /opt/Freescale/KDS_v3/toolchain/bin/../lib/gcc/arm-none-eabi/4.8.4/armv6-m/libgcc.a(_thumb1_case_uqi.o)
                0x00006274                __gnu_thumb1_case_uqi
 .text          0x00006288       0x9c /opt/Freescale/KDS_v3/toolchain/bin/../lib/gcc/arm-none-eabi/4.8.4/armv6-m/libgcc.a(_udivsi3.o)
                0x00006288                __udivsi3
                0x00006288                __aeabi_uidiv
                0x00006310                __aeabi_uidivmod
 .text          0x00006324       0xc0 /opt/Freescale/KDS_v3/toolchain/bin/../lib/gcc/arm-none-eabi/4.8.4/armv6-m/libgcc.a(_divsi3.o)
                0x00006324                __aeabi_idiv
                0x00006324                __divsi3
                0x000063d0                __aeabi_idivmod
 .text          0x000063e4        0x4 /opt/Freescale/KDS_v3/toolchain/bin/../lib/gcc/arm-none-eabi/4.8.4/armv6-m/libgcc.a(_dvmd_tls.o)
                0x000063e4                __aeabi_ldiv0
                0x000063e4                __aeabi_idiv0
 .text          0x000063e8       0x40 /opt/Freescale/KDS_v3/toolchain/bin/../lib/gcc/arm-none-eabi/4.8.4/armv6-m/libgcc.a(_fixunsdfsi.o)
                0x000063e8                __fixunsdfsi
                0x000063e8                __aeabi_d2uiz
 .text          0x00006428      0x520 /opt/Freescale/KDS_v3/toolchain/bin/../lib/gcc/arm-none-eabi/4.8.4/armv6-m/libgcc.a(muldf3.o)
                0x00006428                __aeabi_dmul
 .text          0x00006948      0x668 /opt/Freescale/KDS_v3/toolchain/bin/../lib/gcc/arm-none-eabi/4.8.4/armv6-m/libgcc.a(subdf3.o)
                0x00006948                __aeabi_dsub
 .text          0x00006fb0       0x68 /opt/Freescale/KDS_v3/toolchain/bin/../lib/gcc/arm-none-eabi/4.8.4/armv6-m/libgcc.a(fixdfsi.o)
                0x00006fb0                __aeabi_d2iz
 .text          0x00007018       0x68 /opt/Freescale/KDS_v3/toolchain/bin/../lib/gcc/arm-none-eabi/4.8.4/armv6-m/libgcc.a(floatunsidf.o)
                0x00007018                __aeabi_ui2d
 .text          0x00007080      0xa34 /opt/Freescale/KDS_v3/toolchain/bin/../lib/gcc/arm-none-eabi/4.8.4/armv6-m/libgcc.a(unwind-arm.o)
                0x00007358                _Unwind_GetCFA
                0x0000735c                __gnu_Unwind_RaiseException
                0x000073ac                __gnu_Unwind_ForcedUnwind
                0x000073c0                __gnu_Unwind_Resume
                0x00007408                __gnu_Unwind_Resume_or_Rethrow
                0x00007424                _Unwind_Complete
                0x00007428                _Unwind_DeleteException
                0x00007438                _Unwind_VRS_Get
                0x00007484                _Unwind_VRS_Set
                0x000074d4                __gnu_Unwind_Backtrace
                0x0000782c                __aeabi_unwind_cpp_pr0
                0x00007838                __aeabi_unwind_cpp_pr1
                0x00007844                __aeabi_unwind_cpp_pr2
                0x00007850                _Unwind_VRS_Pop
 .text          0x00007ab4      0x144 /opt/Freescale/KDS_v3/toolchain/bin/../lib/gcc/arm-none-eabi/4.8.4/armv6-m/libgcc.a(libunwind.o)
                0x00007ab4                __restore_core_regs
                0x00007ab4                restore_core_regs
                0x00007ae0                __gnu_Unwind_Restore_VFP
                0x00007ae4                __gnu_Unwind_Save_VFP
                0x00007ae8                __gnu_Unwind_Restore_VFP_D
                0x00007aec                __gnu_Unwind_Save_VFP_D
                0x00007af0                __gnu_Unwind_Restore_VFP_D_16_to_31
                0x00007af4                __gnu_Unwind_Save_VFP_D_16_to_31
                0x00007af8                __gnu_Unwind_Restore_WMMXD
                0x00007afc                __gnu_Unwind_Save_WMMXD
                0x00007b00                __gnu_Unwind_Restore_WMMXC
                0x00007b04                __gnu_Unwind_Save_WMMXC
                0x00007b08                ___Unwind_RaiseException
                0x00007b08                _Unwind_RaiseException
                0x00007b38                ___Unwind_Resume
                0x00007b38                _Unwind_Resume
                0x00007b68                _Unwind_Resume_or_Rethrow
                0x00007b68                ___Unwind_Resume_or_Rethrow
                0x00007b98                ___Unwind_ForcedUnwind
                0x00007b98                _Unwind_ForcedUnwind
                0x00007bc8                _Unwind_Backtrace
                0x00007bc8                ___Unwind_Backtrace
 .text          0x00007bf8      0x3a4 /opt/Freescale/KDS_v3/toolchain/bin/../lib/gcc/arm-none-eabi/4.8.4/armv6-m/libgcc.a(pr-support.o)
                0x00007c4c                __gnu_unwind_execute
                0x00007f44                __gnu_unwind_frame
                0x00007f6c                _Unwind_GetRegionStart
                0x00007f78                _Unwind_GetLanguageSpecificData
                0x00007f8c                _Unwind_GetDataRelBase
                0x00007f94                _Unwind_GetTextRelBase
 .text          0x00007f9c       0x7c /opt/Freescale/KDS_v3/toolchain/bin/../lib/gcc/arm-none-eabi/4.8.4/armv6-m/libgcc.a(_arm_cmpdf2.o)
                0x00007f9c                __aeabi_cdrcmple
                0x00007fac                __aeabi_cdcmple
                0x00007fac                __aeabi_cdcmpeq
                0x00007fbc                __aeabi_dcmpeq
                0x00007fc8                __aeabi_dcmplt
                0x00007fdc                __aeabi_dcmple
                0x00007ff0                __aeabi_dcmpgt
                0x00008004                __aeabi_dcmpge
 .text          0x00008018       0x3c /opt/Freescale/KDS_v3/toolchain/bin/../lib/gcc/arm-none-eabi/4.8.4/armv6-m/libgcc.a(_clzsi2.o)
                0x00008018                __clzsi2
 .text          0x00008054       0x94 /opt/Freescale/KDS_v3/toolchain/bin/../lib/gcc/arm-none-eabi/4.8.4/armv6-m/libgcc.a(eqdf2.o)
                0x00008054                __eqdf2
                0x00008054                __nedf2
 .text          0x000080e8       0xfc /opt/Freescale/KDS_v3/toolchain/bin/../lib/gcc/arm-none-eabi/4.8.4/armv6-m/libgcc.a(gedf2.o)
                0x000080e8                __gtdf2
                0x000080e8                __gedf2
 .text          0x000081e4       0xfc /opt/Freescale/KDS_v3/toolchain/bin/../lib/gcc/arm-none-eabi/4.8.4/armv6-m/libgcc.a(ledf2.o)
                0x000081e4                __ltdf2
                0x000081e4                __ledf2
 .text          0x000082e0       0x14 /opt/Freescale/KDS_v3/toolchain/bin/../lib/gcc/arm-none-eabi/4.8.4/../../../../arm-none-eabi/lib/armv6-m/libg_s.a(lib_a-strcmp.o)
                0x000082e0                strcmp
 *(.text*)
 .text._ZN24mkl_KeyboardParallelPortC2E8gpio_PinS0_S0_S0_S0_S0_S0_S0_
                0x000082f4      0x22c ./Sources/Teclado/mkl_KeyboardParallelPort.o
                0x000082f4                mkl_KeyboardParallelPort::mkl_KeyboardParallelPort(gpio_Pin, gpio_Pin, gpio_Pin, gpio_Pin, gpio_Pin, gpio_Pin, gpio_Pin, gpio_Pin)
                0x000082f4                mkl_KeyboardParallelPort::mkl_KeyboardParallelPort(gpio_Pin, gpio_Pin, gpio_Pin, gpio_Pin, gpio_Pin, gpio_Pin, gpio_Pin, gpio_Pin)
 .text._ZN24mkl_KeyboardParallelPort6updateEv
                0x00008520      0x3d0 ./Sources/Teclado/mkl_KeyboardParallelPort.o
                0x00008520                mkl_KeyboardParallelPort::update()
 .text._ZN24mkl_KeyboardParallelPort12keyIsPressedEv
                0x000088f0       0x2c ./Sources/Teclado/mkl_KeyboardParallelPort.o
                0x000088f0                mkl_KeyboardParallelPort::keyIsPressed()
 .text._ZN24mkl_KeyboardParallelPort6getKeyEv
                0x0000891c       0x18 ./Sources/Teclado/mkl_KeyboardParallelPort.o
                0x0000891c                mkl_KeyboardParallelPort::getKey()
 .text._ZN7mkl_TPM14bindPeripheralEPh
                0x00008934       0x28 ./Sources/Motor/mkl_TPM.o
                0x00008934                mkl_TPM::bindPeripheral(unsigned char*)
 .text._ZN7mkl_TPM11bindChannelEPhh
                0x0000895c       0x34 ./Sources/Motor/mkl_TPM.o
                0x0000895c                mkl_TPM::bindChannel(unsigned char*, unsigned char)
 .text._ZN7mkl_TPM7bindPinEhh
                0x00008990       0x34 ./Sources/Motor/mkl_TPM.o
                0x00008990                mkl_TPM::bindPin(unsigned char, unsigned char)
 .text._ZN7mkl_TPM21enablePeripheralClockEh
                0x000089c4       0x50 ./Sources/Motor/mkl_TPM.o
                0x000089c4                mkl_TPM::enablePeripheralClock(unsigned char)
 .text._ZN7mkl_TPM15enableGPIOClockEh
                0x00008a14       0x38 ./Sources/Motor/mkl_TPM.o
                0x00008a14                mkl_TPM::enableGPIOClock(unsigned char)
 .text._ZN7mkl_TPM20selectMuxAlternativeEh
                0x00008a4c       0x28 ./Sources/Motor/mkl_TPM.o
                0x00008a4c                mkl_TPM::selectMuxAlternative(unsigned char)
 .text._ZN7mkl_TPM16setTPMParametersE7tpm_PinRhS1_S1_S1_S1_
                0x00008a74       0x78 ./Sources/Motor/mkl_TPM.o
                0x00008a74                mkl_TPM::setTPMParameters(tpm_Pin, unsigned char&, unsigned char&, unsigned char&, unsigned char&, unsigned char&)
 .text._ZN7mkl_TPM14setBaseAddressEhPPh
                0x00008aec       0x30 ./Sources/Motor/mkl_TPM.o
                0x00008aec                mkl_TPM::setBaseAddress(unsigned char, unsigned char**)
 .text._ZN7mkl_TPMC2Ev
                0x00008b1c       0x14 ./Sources/Motor/mkl_TPMPulseWidthModulation.o
                0x00008b1c                mkl_TPM::mkl_TPM()
                0x00008b1c                mkl_TPM::mkl_TPM()
 .text._ZN27mkl_TPMPulseWidthModulationC2E7tpm_Pin
                0x00008b30       0xc4 ./Sources/Motor/mkl_TPMPulseWidthModulation.o
                0x00008b30                mkl_TPMPulseWidthModulation::mkl_TPMPulseWidthModulation(tpm_Pin)
                0x00008b30                mkl_TPMPulseWidthModulation::mkl_TPMPulseWidthModulation(tpm_Pin)
 .text._ZN27mkl_TPMPulseWidthModulation12setFrequencyE7tpm_Divt
                0x00008bf4       0x34 ./Sources/Motor/mkl_TPMPulseWidthModulation.o
                0x00008bf4                mkl_TPMPulseWidthModulation::setFrequency(tpm_Div, unsigned short)
 .text._ZN27mkl_TPMPulseWidthModulation12setDutyCycleEt
                0x00008c28       0x28 ./Sources/Motor/mkl_TPMPulseWidthModulation.o
                0x00008c28                mkl_TPMPulseWidthModulation::setDutyCycle(unsigned short)
 .text._ZN27mkl_TPMPulseWidthModulation15enableOperationEv
                0x00008c50       0x28 ./Sources/Motor/mkl_TPMPulseWidthModulation.o
                0x00008c50                mkl_TPMPulseWidthModulation::enableOperation()
 .text._ZN27mkl_TPMPulseWidthModulation16disableOperationEv
                0x00008c78       0x20 ./Sources/Motor/mkl_TPMPulseWidthModulation.o
                0x00008c78                mkl_TPMPulseWidthModulation::disableOperation()
 .text._ZN27mkl_TPMPulseWidthModulation15setPWMOperationEv
                0x00008c98       0x18 ./Sources/Motor/mkl_TPMPulseWidthModulation.o
                0x00008c98                mkl_TPMPulseWidthModulation::setPWMOperation()
 .text._Z41__static_initialization_and_destruction_0ii
                0x00008cb0       0x30 ./Sources/Dispositivos/displaySegments.o
 .text._GLOBAL__sub_I_tpm
                0x00008ce0       0x18 ./Sources/Dispositivos/displaySegments.o
 .text._ZN3ledC2E8gpio_Pin
                0x00008cf8       0x54 ./Sources/Dispositivos/led.o
                0x00008cf8                led::led(gpio_Pin)
                0x00008cf8                led::led(gpio_Pin)
 .text._ZN3led2onEv
                0x00008d4c       0x18 ./Sources/Dispositivos/led.o
                0x00008d4c                led::on()
 .text._ZN3led3offEv
                0x00008d64       0x18 ./Sources/Dispositivos/led.o
                0x00008d64                led::off()
 .text._ZN11registradorC2Ei
                0x00008d7c       0x18 ./Sources/Digitais/registrador.o
                0x00008d7c                registrador::registrador(int)
                0x00008d7c                registrador::registrador(int)
 .text._ZN11registrador8atualizaEi
                0x00008d94       0x18 ./Sources/Digitais/registrador.o
                0x00008d94                registrador::atualiza(int)
 .text._ZN11registrador7leValorEv
                0x00008dac       0x14 ./Sources/Digitais/registrador.o
                0x00008dac                registrador::leValor()
 .text._ZN11mkl_Systick14setClockSourceE19systick_clockSource
                0x00008dc0       0x48 ./Sources/Bibliotecas/Systick/mkl_Systick.o
                0x00008dc0                mkl_Systick::setClockSource(systick_clockSource)
 .text._ZN11mkl_Systick9setReloadEm
                0x00008e08       0x18 ./Sources/Bibliotecas/Systick/mkl_Systick.o
                0x00008e08                mkl_Systick::setReload(unsigned long)
 .text._ZN11mkl_Systick13enableCounterEv
                0x00008e20       0x20 ./Sources/Bibliotecas/Systick/mkl_Systick.o
                0x00008e20                mkl_Systick::enableCounter()
 .text._ZN11mkl_Systick12clearCounterEv
                0x00008e40       0x18 ./Sources/Bibliotecas/Systick/mkl_Systick.o
                0x00008e40                mkl_Systick::clearCounter()
 .text._ZN11mkl_Systick15enableInterruptEv
                0x00008e58       0x20 ./Sources/Bibliotecas/Systick/mkl_Systick.o
                0x00008e58                mkl_Systick::enableInterrupt()
 .text._ZN11mkl_Systick11setRegisterEv
                0x00008e78       0x38 ./Sources/Bibliotecas/Systick/mkl_Systick.o
                0x00008e78                mkl_Systick::setRegister()
 .text.NVIC_EnableIRQ
                0x00008eb0       0x2c ./Sources/Bibliotecas/Systick/mkl_SystickPeriodicInterrupt.o
 .text._ZN11mkl_SystickC2Ev
                0x00008edc       0x14 ./Sources/Bibliotecas/Systick/mkl_SystickPeriodicInterrupt.o
                0x00008edc                mkl_Systick::mkl_Systick()
                0x00008edc                mkl_Systick::mkl_Systick()
 .text._ZN28mkl_SystickPeriodicInterruptC2Em19systick_clockSource
                0x00008ef0       0x64 ./Sources/Bibliotecas/Systick/mkl_SystickPeriodicInterrupt.o
                0x00008ef0                mkl_SystickPeriodicInterrupt::mkl_SystickPeriodicInterrupt(unsigned long, systick_clockSource)
                0x00008ef0                mkl_SystickPeriodicInterrupt::mkl_SystickPeriodicInterrupt(unsigned long, systick_clockSource)
 .text._ZN28mkl_SystickPeriodicInterrupt22enableInterruptRequestEv
                0x00008f54       0x24 ./Sources/Bibliotecas/Systick/mkl_SystickPeriodicInterrupt.o
                0x00008f54                mkl_SystickPeriodicInterrupt::enableInterruptRequest()
 .text._ZN28mkl_SystickPeriodicInterrupt11reloadValueEm19systick_clockSource
                0x00008f78       0x90 ./Sources/Bibliotecas/Systick/mkl_SystickPeriodicInterrupt.o
                0x00008f78                mkl_SystickPeriodicInterrupt::reloadValue(unsigned long, systick_clockSource)
 .text._ZN7mkl_I2C21enablePeripheralClockEm
                0x00009008       0x30 ./Sources/Bibliotecas/I2C/mkl_I2C.o
                0x00009008                mkl_I2C::enablePeripheralClock(unsigned long)
 .text._ZN7mkl_I2C15enableGPIOClockEm
                0x00009038       0x34 ./Sources/Bibliotecas/I2C/mkl_I2C.o
                0x00009038                mkl_I2C::enableGPIOClock(unsigned long)
 .text._ZN7mkl_I2C9enableI2CEv
                0x0000906c       0x18 ./Sources/Bibliotecas/I2C/mkl_I2C.o
                0x0000906c                mkl_I2C::enableI2C()
 .text._ZN7mkl_I2C10disableI2CEv
                0x00009084       0x18 ./Sources/Bibliotecas/I2C/mkl_I2C.o
                0x00009084                mkl_I2C::disableI2C()
 .text._ZN7mkl_I2C18clearInterruptFlagEv
                0x0000909c       0x24 ./Sources/Bibliotecas/I2C/mkl_I2C.o
                0x0000909c                mkl_I2C::clearInterruptFlag()
 .text._ZN7mkl_I2C14bindPeripheralEm
                0x000090c0       0x50 ./Sources/Bibliotecas/I2C/mkl_I2C.o
                0x000090c0                mkl_I2C::bindPeripheral(unsigned long)
 .text._ZN7mkl_I2C7bindPinEmm
                0x00009110       0x2c ./Sources/Bibliotecas/I2C/mkl_I2C.o
                0x00009110                mkl_I2C::bindPin(unsigned long, unsigned long)
 .text._ZN7mkl_I2C20selectMuxAlternativeEm
                0x0000913c       0x20 ./Sources/Bibliotecas/I2C/mkl_I2C.o
                0x0000913c                mkl_I2C::selectMuxAlternative(unsigned long)
 .text._ZN7mkl_I2C16setI2CParametersE9i2c_Pin_tRmS1_S1_S1_
                0x0000915c       0x44 ./Sources/Bibliotecas/I2C/mkl_I2C.o
                0x0000915c                mkl_I2C::setI2CParameters(i2c_Pin_t, unsigned long&, unsigned long&, unsigned long&, unsigned long&)
 .text._ZN7mkl_I2CC2Ev
                0x000091a0       0x14 ./Sources/Bibliotecas/I2C/mkl_I2CPort.o
                0x000091a0                mkl_I2C::mkl_I2C()
                0x000091a0                mkl_I2C::mkl_I2C()
 .text._ZN11mkl_I2CPortC2E9i2c_Pin_tS0_
                0x000091b4       0xb4 ./Sources/Bibliotecas/I2C/mkl_I2CPort.o
                0x000091b4                mkl_I2CPort::mkl_I2CPort(i2c_Pin_t, i2c_Pin_t)
                0x000091b4                mkl_I2CPort::mkl_I2CPort(i2c_Pin_t, i2c_Pin_t)
 .text._ZN11mkl_I2CPort8baudRateE14i2c_baudRate_t
                0x00009268       0x38 ./Sources/Bibliotecas/I2C/mkl_I2CPort.o
                0x00009268                mkl_I2CPort::baudRate(i2c_baudRate_t)
 .text._ZN11mkl_I2CPort8setSlaveEh
                0x000092a0       0x1c ./Sources/Bibliotecas/I2C/mkl_I2CPort.o
                0x000092a0                mkl_I2CPort::setSlave(unsigned char)
 .text._ZN11mkl_I2CPort17startTransmissionEv
                0x000092bc       0xf8 ./Sources/Bibliotecas/I2C/mkl_I2CPort.o
                0x000092bc                mkl_I2CPort::startTransmission()
 .text._ZN11mkl_I2CPort16stopTransmissionEv
                0x000093b4       0x24 ./Sources/Bibliotecas/I2C/mkl_I2CPort.o
                0x000093b4                mkl_I2CPort::stopTransmission()
 .text._ZN11mkl_I2CPort9send8BitsEh
                0x000093d8       0x20 ./Sources/Bibliotecas/I2C/mkl_I2CPort.o
                0x000093d8                mkl_I2CPort::send8Bits(unsigned char)
 .text._ZN11mkl_I2CPort12waitTransferEv
                0x000093f8       0x5c ./Sources/Bibliotecas/I2C/mkl_I2CPort.o
                0x000093f8                mkl_I2CPort::waitTransfer()
 .text._ZN7mkl_LCDC2E17functionSetOptionS0_S0_9i2c_Pin_tS1_h
                0x00009454       0xb4 ./Sources/Bibliotecas/I2C/mkl_LCD.o
                0x00009454                mkl_LCD::mkl_LCD(functionSetOption, functionSetOption, functionSetOption, i2c_Pin_t, i2c_Pin_t, unsigned char)
                0x00009454                mkl_LCD::mkl_LCD(functionSetOption, functionSetOption, functionSetOption, i2c_Pin_t, i2c_Pin_t, unsigned char)
 .text._ZN7mkl_LCD5delayEm
                0x00009508       0x3c ./Sources/Bibliotecas/I2C/mkl_LCD.o
                0x00009508                mkl_LCD::delay(unsigned long)
 .text._ZN7mkl_LCD17delayMicroSecondsEm
                0x00009544       0x2c ./Sources/Bibliotecas/I2C/mkl_LCD.o
                0x00009544                mkl_LCD::delayMicroSeconds(unsigned long)
 .text._ZN7mkl_LCD7sendI2CEh
                0x00009570       0x4c ./Sources/Bibliotecas/I2C/mkl_LCD.o
                0x00009570                mkl_LCD::sendI2C(unsigned char)
 .text._ZN7mkl_LCD11writeNibbleEhh
                0x000095bc       0x94 ./Sources/Bibliotecas/I2C/mkl_LCD.o
                0x000095bc                mkl_LCD::writeNibble(unsigned char, unsigned char)
 .text._ZN7mkl_LCD7putCharEc
                0x00009650       0x48 ./Sources/Bibliotecas/I2C/mkl_LCD.o
                0x00009650                mkl_LCD::putChar(char)
 .text._ZN7mkl_LCD9putStringESs
                0x00009698       0x50 ./Sources/Bibliotecas/I2C/mkl_LCD.o
                0x00009698                mkl_LCD::putString(std::string)
 .text._ZN7mkl_LCD11sendCommandEh
                0x000096e8       0x84 ./Sources/Bibliotecas/I2C/mkl_LCD.o
                0x000096e8                mkl_LCD::sendCommand(unsigned char)
 .text._ZN7mkl_LCD10initializeEv
                0x0000976c       0xe4 ./Sources/Bibliotecas/I2C/mkl_LCD.o
                0x0000976c                mkl_LCD::initialize()
 .text._ZN7mkl_LCD4homeEv
                0x00009850       0x18 ./Sources/Bibliotecas/I2C/mkl_LCD.o
                0x00009850                mkl_LCD::home()
 .text._ZN7mkl_LCD9setCursorEhh
                0x00009868       0x88 ./Sources/Bibliotecas/I2C/mkl_LCD.o
                0x00009868                mkl_LCD::setCursor(unsigned char, unsigned char)
 .text._ZN8mkl_GPIO11setPortModeE13gpio_PortMode
                0x000098f0       0x44 ./Sources/Bibliotecas/GPIO/mkl_GPIO.o
                0x000098f0                mkl_GPIO::setPortMode(gpio_PortMode)
 .text._ZN8mkl_GPIO15setPullResistorE17gpio_PullResistor
                0x00009934       0x38 ./Sources/Bibliotecas/GPIO/mkl_GPIO.o
                0x00009934                mkl_GPIO::setPullResistor(gpio_PullResistor)
 .text._ZN8mkl_GPIO8writeBitEi
                0x0000996c       0x40 ./Sources/Bibliotecas/GPIO/mkl_GPIO.o
                0x0000996c                mkl_GPIO::writeBit(int)
 .text._ZN8mkl_GPIO7readBitEv
                0x000099ac       0x2c ./Sources/Bibliotecas/GPIO/mkl_GPIO.o
                0x000099ac                mkl_GPIO::readBit()
 .text._ZN8mkl_GPIO14bindPeripheralEhh
                0x000099d8       0x68 ./Sources/Bibliotecas/GPIO/mkl_GPIO.o
                0x000099d8                mkl_GPIO::bindPeripheral(unsigned char, unsigned char)
 .text._ZN8mkl_GPIO17enableModuleClockEh
                0x00009a40       0x38 ./Sources/Bibliotecas/GPIO/mkl_GPIO.o
                0x00009a40                mkl_GPIO::enableModuleClock(unsigned char)
 .text._ZN8mkl_GPIO20selectMuxAlternativeEv
                0x00009a78       0x18 ./Sources/Bibliotecas/GPIO/mkl_GPIO.o
                0x00009a78                mkl_GPIO::selectMuxAlternative()
 .text._ZN8mkl_GPIO17setGPIOParametersE8gpio_PinRmS1_
                0x00009a90       0x4c ./Sources/Bibliotecas/GPIO/mkl_GPIO.o
                0x00009a90                mkl_GPIO::setGPIOParameters(gpio_Pin, unsigned long&, unsigned long&)
 .text._ZN8mkl_GPIOC2Ev
                0x00009adc       0x14 ./Sources/Bibliotecas/GPIO/mkl_GPIOInterrupt.o
                0x00009adc                mkl_GPIO::mkl_GPIO()
                0x00009adc                mkl_GPIO::mkl_GPIO()
 .text._ZN12mkl_GPIOPortC2E8gpio_Pin
                0x00009af0       0x5c ./Sources/Bibliotecas/GPIO/mkl_GPIOPort.o
                0x00009af0                mkl_GPIOPort::mkl_GPIOPort(gpio_Pin)
                0x00009af0                mkl_GPIOPort::mkl_GPIOPort(gpio_Pin)
 .text._ZN21dsf_TPMPeripheral_ocpC2Ev
                0x00009b4c       0x14 ./Sources/Bibliotecas/Delay/dsf_Delay_ocp.o
                0x00009b4c                dsf_TPMPeripheral_ocp::dsf_TPMPeripheral_ocp()
                0x00009b4c                dsf_TPMPeripheral_ocp::dsf_TPMPeripheral_ocp()
 .text._ZN13dsf_Delay_ocpC2EN5TPM_t11TPMNumber_tE
                0x00009b60       0x4c ./Sources/Bibliotecas/Delay/dsf_Delay_ocp.o
                0x00009b60                dsf_Delay_ocp::dsf_Delay_ocp(TPM_t::TPMNumber_t)
                0x00009b60                dsf_Delay_ocp::dsf_Delay_ocp(TPM_t::TPMNumber_t)
 .text._ZN21dsf_TPMPeripheral_ocp14bindPeripheralEPh
                0x00009bac       0x28 ./Sources/Bibliotecas/Delay/dsf_TPM_ocp.o
                0x00009bac                dsf_TPMPeripheral_ocp::bindPeripheral(unsigned char*)
 .text._ZN21dsf_TPMPeripheral_ocp21enablePeripheralClockEh
                0x00009bd4       0x50 ./Sources/Bibliotecas/Delay/dsf_TPM_ocp.o
                0x00009bd4                dsf_TPMPeripheral_ocp::enablePeripheralClock(unsigned char)
 .text._ZN6SwitchC2E8gpio_Pin
                0x00009c24       0x5c ./Sources/main.o
                0x00009c24                Switch::Switch(gpio_Pin)
                0x00009c24                Switch::Switch(gpio_Pin)
 .text._ZN6Switch4readEv
                0x00009c80       0x1c ./Sources/main.o
                0x00009c80                Switch::read()
 .text._ZN6Switch4isOnEv
                0x00009c9c       0x84 ./Sources/main.o
                0x00009c9c                Switch::isOn()
 .text._ZNSt11char_traitsIcE6lengthEPKc
                0x00009d20       0x1c ./Sources/main.o
                0x00009d20                std::char_traits<char>::length(char const*)
 .text._ZN3LedC2E8gpio_Pin
                0x00009d3c       0x38 ./Sources/main.o
                0x00009d3c                Led::Led(gpio_Pin)
                0x00009d3c                Led::Led(gpio_Pin)
 .text._ZN3Led6turnOnEv
                0x00009d74       0x18 ./Sources/main.o
                0x00009d74                Led::turnOn()
 .text._ZN3Led7turnOffEv
                0x00009d8c       0x18 ./Sources/main.o
                0x00009d8c                Led::turnOff()
 .text._ZN13operationTypeC2Ev
                0x00009da4       0x48 ./Sources/main.o
 .text._ZN13operationTypeD2Ev
                0x00009dec       0x30 ./Sources/main.o
                0x00009dec                operationType::~operationType()
                0x00009dec                operationType::~operationType()
 .text._ZN13operationTypeC2ERKS_
                0x00009e1c       0x5c ./Sources/main.o
                0x00009e1c                operationType::operationType(operationType const&)
                0x00009e1c                operationType::operationType(operationType const&)
 .text._ZN5VisorC2E17functionSetOptionS0_S0_9i2c_Pin_tS1_h
                0x00009e78      0x1b0 ./Sources/main.o
                0x00009e78                Visor::Visor(functionSetOption, functionSetOption, functionSetOption, i2c_Pin_t, i2c_Pin_t, unsigned char)
                0x00009e78                Visor::Visor(functionSetOption, functionSetOption, functionSetOption, i2c_Pin_t, i2c_Pin_t, unsigned char)
 .text._ZN5Visor9printTimeEPh
                0x0000a028       0x6c ./Sources/main.o
                0x0000a028                Visor::printTime(unsigned char*)
 .text._ZN5Visor9printCookESs
                0x0000a094       0x54 ./Sources/main.o
                0x0000a094                Visor::printCook(std::string)
 .text._ZN5Visor9printOperE13operationType
                0x0000a0e8       0xf0 ./Sources/main.o
                0x0000a0e8                Visor::printOper(operationType)
 .text._ZN11FreqDivisorC2Eh
                0x0000a1d8       0x38 ./Sources/main.o
                0x0000a1d8                FreqDivisor::FreqDivisor(unsigned char)
                0x0000a1d8                FreqDivisor::FreqDivisor(unsigned char)
 .text._ZN11FreqDivisor6enableEb
                0x0000a210       0x1c ./Sources/main.o
                0x0000a210                FreqDivisor::enable(bool)
 .text._ZN11FreqDivisor5resetEv
                0x0000a22c       0x1c ./Sources/main.o
                0x0000a22c                FreqDivisor::reset()
 .text._ZN11FreqDivisor9incrementEv
                0x0000a248       0x44 ./Sources/main.o
                0x0000a248                FreqDivisor::increment()
 .text._ZN11FreqDivisor8getClockEv
                0x0000a28c       0x14 ./Sources/main.o
                0x0000a28c                FreqDivisor::getClock()
 .text._ZN11TimeDecoderC2Ev
                0x0000a2a0       0x38 ./Sources/main.o
                0x0000a2a0                TimeDecoder::TimeDecoder()
                0x0000a2a0                TimeDecoder::TimeDecoder()
 .text._ZN11TimeDecoder8setInputEPh
                0x0000a2d8       0x78 ./Sources/main.o
                0x0000a2d8                TimeDecoder::setInput(unsigned char*)
 .text._ZN11TimeDecoder9getOutputEv
                0x0000a350       0x14 ./Sources/main.o
                0x0000a350                TimeDecoder::getOutput()
 .text._ZN11CookDecoderC2Ev
                0x0000a364       0x38 ./Sources/main.o
                0x0000a364                CookDecoder::CookDecoder()
                0x0000a364                CookDecoder::CookDecoder()
 .text._ZN11CookDecoder8setInputE10cookOption
                0x0000a39c       0xbc ./Sources/main.o
                0x0000a39c                CookDecoder::setInput(cookOption)
 .text._ZN11CookDecoder9getOutputEv
                0x0000a458       0x20 ./Sources/main.o
                0x0000a458                CookDecoder::getOutput()
 .text._ZN11OperDecoderC2Ev
                0x0000a478       0x58 ./Sources/main.o
                0x0000a478                OperDecoder::OperDecoder()
                0x0000a478                OperDecoder::OperDecoder()
 .text._ZN11OperDecoder8setInputEPb
                0x0000a4d0       0x90 ./Sources/main.o
                0x0000a4d0                OperDecoder::setInput(bool*)
 .text._ZN11OperDecoder9getOutputEv
                0x0000a560       0x20 ./Sources/main.o
                0x0000a560                OperDecoder::getOutput()
 .text._ZN5TimerC2Ev
                0x0000a580       0x60 ./Sources/main.o
                0x0000a580                Timer::Timer()
                0x0000a580                Timer::Timer()
 .text._ZN5Timer11enableTimerE10enableType
                0x0000a5e0       0x2c ./Sources/main.o
                0x0000a5e0                Timer::enableTimer(enableType)
 .text._ZN5Timer11cancelTimerEv
                0x0000a60c       0x3c ./Sources/main.o
                0x0000a60c                Timer::cancelTimer()
 .text._ZN5Timer7setTimeEPh
                0x0000a648       0x58 ./Sources/main.o
                0x0000a648                Timer::setTime(unsigned char*)
 .text._ZN5Timer7getTimeEv
                0x0000a6a0       0x14 ./Sources/main.o
                0x0000a6a0                Timer::getTime()
 .text._ZN5Timer9decrementEv
                0x0000a6b4       0xc4 ./Sources/main.o
                0x0000a6b4                Timer::decrement()
 .text._ZN5Timer8endTimerEv
                0x0000a778       0x14 ./Sources/main.o
                0x0000a778                Timer::endTimer()
 .text._ZN16CozimentoServiceC2Ev
                0x0000a78c       0x2c ./Sources/main.o
                0x0000a78c                CozimentoService::CozimentoService()
                0x0000a78c                CozimentoService::CozimentoService()
 .text._ZN11CookDecoderD2Ev
                0x0000a7b8       0x1c ./Sources/main.o
                0x0000a7b8                CookDecoder::~CookDecoder()
                0x0000a7b8                CookDecoder::~CookDecoder()
 .text._ZN11OperDecoderD2Ev
                0x0000a7d4       0x1c ./Sources/main.o
                0x0000a7d4                OperDecoder::~OperDecoder()
                0x0000a7d4                OperDecoder::~OperDecoder()
 .text._ZN11CookDecoderaSEOS_
                0x0000a7f0       0x20 ./Sources/main.o
                0x0000a7f0                CookDecoder::operator=(CookDecoder&&)
 .text._ZN13operationTypeaSEOS_
                0x0000a810       0x44 ./Sources/main.o
                0x0000a810                operationType::operator=(operationType&&)
 .text._ZN11OperDecoderaSEOS_
                0x0000a854       0x20 ./Sources/main.o
                0x0000a854                OperDecoder::operator=(OperDecoder&&)
 .text._ZN14DigitalFactoryC2Ev
                0x0000a874       0xf4 ./Sources/main.o
                0x0000a874                DigitalFactory::DigitalFactory()
                0x0000a874                DigitalFactory::DigitalFactory()
 .text._ZN14DigitalFactory11getPtrTimerEv
                0x0000a968       0x14 ./Sources/main.o
                0x0000a968                DigitalFactory::getPtrTimer()
 .text._ZN14DigitalFactory15getPtrTimeDecodEv
                0x0000a97c       0x14 ./Sources/main.o
                0x0000a97c                DigitalFactory::getPtrTimeDecod()
 .text._ZN14DigitalFactory15getPtrCookDecodEv
                0x0000a990       0x14 ./Sources/main.o
                0x0000a990                DigitalFactory::getPtrCookDecod()
 .text._ZN14DigitalFactory15getPtrOperDecodEv
                0x0000a9a4       0x14 ./Sources/main.o
                0x0000a9a4                DigitalFactory::getPtrOperDecod()
 .text._ZN7MemoriaC2Ev
                0x0000a9b8       0x90 ./Sources/main.o
                0x0000a9b8                Memoria::Memoria()
                0x0000a9b8                Memoria::Memoria()
 .text._ZN7Memoria13setTempoGeralEPh
                0x0000aa48       0x68 ./Sources/main.o
                0x0000aa48                Memoria::setTempoGeral(unsigned char*)
 .text._ZN7Memoria16isNothingOnTimerEv
                0x0000aab0       0x58 ./Sources/main.o
                0x0000aab0                Memoria::isNothingOnTimer()
 .text._ZN7Memoria11TimerUpdateEPh
                0x0000ab08       0x50 ./Sources/main.o
                0x0000ab08                Memoria::TimerUpdate(unsigned char*)
 .text._ZN7Memoria13setIsFimTimerEb
                0x0000ab58       0x30 ./Sources/main.o
                0x0000ab58                Memoria::setIsFimTimer(bool)
 .text._ZN7Memoria12setCookGeralE10cookOption
                0x0000ab88       0x30 ./Sources/main.o
                0x0000ab88                Memoria::setCookGeral(cookOption)
 .text._ZN7Memoria12setOperGeralEPb
                0x0000abb8       0x6c ./Sources/main.o
                0x0000abb8                Memoria::setOperGeral(bool*)
 .text._ZN7Memoria9setActionE10enableType
                0x0000ac24       0x30 ./Sources/main.o
                0x0000ac24                Memoria::setAction(enableType)
 .text._ZN7Memoria15setCancelActionEb
                0x0000ac54       0x34 ./Sources/main.o
                0x0000ac54                Memoria::setCancelAction(bool)
 .text._ZN7Memoria13getTempoGeralEv
                0x0000ac88       0x14 ./Sources/main.o
                0x0000ac88                Memoria::getTempoGeral()
 .text._ZN7Memoria12getCookGeralEv
                0x0000ac9c       0x14 ./Sources/main.o
                0x0000ac9c                Memoria::getCookGeral()
 .text._ZN7Memoria12getOperGeralEv
                0x0000acb0       0x14 ./Sources/main.o
                0x0000acb0                Memoria::getOperGeral()
 .text._ZN7Memoria9getActionEv
                0x0000acc4       0x14 ./Sources/main.o
                0x0000acc4                Memoria::getAction()
 .text._ZN7Memoria15getFimLedActionEv
                0x0000acd8       0x14 ./Sources/main.o
                0x0000acd8                Memoria::getFimLedAction()
 .text._ZN13EditorServiceC2EP7MemoriaP5TimerP11TimeDecoderP11CookDecoderP11OperDecoder
                0x0000acec       0x38 ./Sources/main.o
                0x0000acec                EditorService::EditorService(Memoria*, Timer*, TimeDecoder*, CookDecoder*, OperDecoder*)
                0x0000acec                EditorService::EditorService(Memoria*, Timer*, TimeDecoder*, CookDecoder*, OperDecoder*)
 .text._ZN13EditorService13doSetTimeServEv
                0x0000ad24       0x28 ./Sources/main.o
                0x0000ad24                EditorService::doSetTimeServ()
 .text._ZN13EditorService9doServiceEh
                0x0000ad4c       0x70 ./Sources/main.o
                0x0000ad4c                EditorService::doService(unsigned char)
 .text._ZN12TimerServiceC2EP7MemoriaP5TimerP11TimeDecoder
                0x0000adbc       0x48 ./Sources/main.o
                0x0000adbc                TimerService::TimerService(Memoria*, Timer*, TimeDecoder*)
                0x0000adbc                TimerService::TimerService(Memoria*, Timer*, TimeDecoder*)
 .text._ZN12TimerService15doActionServiceEb
                0x0000ae04       0xa0 ./Sources/main.o
                0x0000ae04                TimerService::doActionService(bool)
 .text._ZN12TimerService15doFimLedServiceEv
                0x0000aea4       0x40 ./Sources/main.o
                0x0000aea4                TimerService::doFimLedService()
 .text._ZN12TimerService9doServiceEv
                0x0000aee4       0x78 ./Sources/main.o
                0x0000aee4                TimerService::doService()
 .text._ZN12PrintServiceC2EP7MemoriaP11TimeDecoderP11CookDecoderP11OperDecoder
                0x0000af5c       0x4c ./Sources/main.o
                0x0000af5c                PrintService::PrintService(Memoria*, TimeDecoder*, CookDecoder*, OperDecoder*)
                0x0000af5c                PrintService::PrintService(Memoria*, TimeDecoder*, CookDecoder*, OperDecoder*)
 .text._ZN12PrintService9doServiceEv
                0x0000afa8       0x94 ./Sources/main.o
                0x0000afa8                PrintService::doService()
 .text._ZN14DigitalFactoryD2Ev
                0x0000b03c       0x28 ./Sources/main.o
                0x0000b03c                DigitalFactory::~DigitalFactory()
                0x0000b03c                DigitalFactory::~DigitalFactory()
 .text._ZN10MonitorLCDC2Ev
                0x0000b064       0xec ./Sources/main.o
                0x0000b064                MonitorLCD::MonitorLCD()
                0x0000b064                MonitorLCD::MonitorLCD()
 .text._ZN10MonitorLCD9doServiceEv
                0x0000b150       0xe4 ./Sources/main.o
                0x0000b150                MonitorLCD::doService()
 .text._ZN10MonitorLCD16doServiceFromIRQEv
                0x0000b234       0x34 ./Sources/main.o
                0x0000b234                MonitorLCD::doServiceFromIRQ()
 .text._ZN11controladorC2EP10MonitorLCD
                0x0000b268       0x38 ./Sources/main.o
                0x0000b268                controlador::controlador(MonitorLCD*)
                0x0000b268                controlador::controlador(MonitorLCD*)
 .text._ZN11controlador7maq_estEbb
                0x0000b2a0       0x8c ./Sources/main.o
                0x0000b2a0                controlador::maq_est(bool, bool)
 .text._ZN11controlador14select_serviceEv
                0x0000b32c       0x54 ./Sources/main.o
                0x0000b32c                controlador::select_service()
 .text._ZN11controlador10do_serviceEP11registradorS1_S1_S1_i
                0x0000b380       0xc0 ./Sources/main.o
                0x0000b380                controlador::do_service(registrador*, registrador*, registrador*, registrador*, int)
 .text._ZN16IncrementServiceC2EP10MonitorLCD
                0x0000b440       0x2c ./Sources/main.o
                0x0000b440                IncrementService::IncrementService(MonitorLCD*)
                0x0000b440                IncrementService::IncrementService(MonitorLCD*)
 .text._ZN16IncrementService16recebeIncrementoEP11registradorS1_S1_S1_
                0x0000b46c      0x15c ./Sources/main.o
                0x0000b46c                IncrementService::recebeIncremento(registrador*, registrador*, registrador*, registrador*)
 .text._ZN16IncrementService12machineStateEbbb
                0x0000b5c8       0xb8 ./Sources/main.o
                0x0000b5c8                IncrementService::machineState(bool, bool, bool)
 .text._ZN16IncrementService13selectServiceEv
                0x0000b680       0x4c ./Sources/main.o
                0x0000b680                IncrementService::selectService()
 .text._ZN16IncrementService9doServiceEP11registradorS1_S1_S1_
                0x0000b6cc       0x8c ./Sources/main.o
                0x0000b6cc                IncrementService::doService(registrador*, registrador*, registrador*, registrador*)
 .text._ZN7MotorDCC2E7tpm_Pin8gpio_PinS1_
                0x0000b758       0xc4 ./Sources/main.o
                0x0000b758                MotorDC::MotorDC(tpm_Pin, gpio_Pin, gpio_Pin)
                0x0000b758                MotorDC::MotorDC(tpm_Pin, gpio_Pin, gpio_Pin)
 .text._ZN7MotorDC6turnOnEv
                0x0000b81c       0x18 ./Sources/main.o
                0x0000b81c                MotorDC::turnOn()
 .text._ZN7MotorDC7turnOffEv
                0x0000b834       0x34 ./Sources/main.o
                0x0000b834                MotorDC::turnOff()
 .text._ZN7MotorDC13spinClockWiseEv
                0x0000b868       0x38 ./Sources/main.o
                0x0000b868                MotorDC::spinClockWise()
 .text._ZN7MotorDC20spinCounterClockWiseEv
                0x0000b8a0       0x38 ./Sources/main.o
                0x0000b8a0                MotorDC::spinCounterClockWise()
 .text._ZN7MotorDC8speedLowEv
                0x0000b8d8       0x34 ./Sources/main.o
                0x0000b8d8                MotorDC::speedLow()
 .text._ZN7MotorDC9speedHighEv
                0x0000b90c       0x38 ./Sources/main.o
                0x0000b90c                MotorDC::speedHigh()
 .text._ZN6BuzzerC2E8gpio_Pin
                0x0000b944       0x3c ./Sources/main.o
                0x0000b944                Buzzer::Buzzer(gpio_Pin)
                0x0000b944                Buzzer::Buzzer(gpio_Pin)
 .text._ZN6Buzzer12delayMsMotorEi
                0x0000b980       0x3c ./Sources/main.o
                0x0000b980                Buzzer::delayMsMotor(int)
 .text._ZN6Buzzer12activeBuzzerEv
                0x0000b9bc       0x2c ./Sources/main.o
                0x0000b9bc                Buzzer::activeBuzzer()
 .text._ZN17ControllerServiceC2E8gpio_PinS0_7tpm_PinS0_S0_
                0x0000b9e8       0x6c ./Sources/main.o
                0x0000b9e8                ControllerService::ControllerService(gpio_Pin, gpio_Pin, tpm_Pin, gpio_Pin, gpio_Pin)
                0x0000b9e8                ControllerService::ControllerService(gpio_Pin, gpio_Pin, tpm_Pin, gpio_Pin, gpio_Pin)
 .text._ZN17ControllerService10motorStateEi
                0x0000ba54       0x30 ./Sources/main.o
                0x0000ba54                ControllerService::motorState(int)
 .text._ZN17ControllerService9motorSpinEi
                0x0000ba84       0x30 ./Sources/main.o
                0x0000ba84                ControllerService::motorSpin(int)
 .text._ZN17ControllerService10motorSpeedEi
                0x0000bab4       0x30 ./Sources/main.o
                0x0000bab4                ControllerService::motorSpeed(int)
 .text._ZN13SignalServiceC2E8gpio_PinS0_S0_
                0x0000bae4       0x60 ./Sources/main.o
                0x0000bae4                SignalService::SignalService(gpio_Pin, gpio_Pin, gpio_Pin)
                0x0000bae4                SignalService::SignalService(gpio_Pin, gpio_Pin, gpio_Pin)
 .text._ZN13SignalService12activeBuzzerEv
                0x0000bb44       0x18 ./Sources/main.o
                0x0000bb44                SignalService::activeBuzzer()
 .text._ZN13SignalService8turnLampEi
                0x0000bb5c       0x28 ./Sources/main.o
                0x0000bb5c                SignalService::turnLamp(int)
 .text._ZN13SignalService8readDoorEv
                0x0000bb84       0x1c ./Sources/main.o
                0x0000bb84                SignalService::readDoor()
 .text._ZN12MonitorMotorC2E8gpio_PinS0_7tpm_PinS0_S0_S0_S0_S0_S0_P10MonitorLCD
                0x0000bba0       0xb8 ./Sources/main.o
                0x0000bba0                MonitorMotor::MonitorMotor(gpio_Pin, gpio_Pin, tpm_Pin, gpio_Pin, gpio_Pin, gpio_Pin, gpio_Pin, gpio_Pin, gpio_Pin, MonitorLCD*)
                0x0000bba0                MonitorMotor::MonitorMotor(gpio_Pin, gpio_Pin, tpm_Pin, gpio_Pin, gpio_Pin, gpio_Pin, gpio_Pin, gpio_Pin, gpio_Pin, MonitorLCD*)
 .text._ZN12MonitorMotor12readAllInputEv
                0x0000bc58       0x7c ./Sources/main.o
                0x0000bc58                MonitorMotor::readAllInput()
 .text._ZN12MonitorMotor9doServiceEv
                0x0000bcd4      0x1c0 ./Sources/main.o
                0x0000bcd4                MonitorMotor::doService()
 .text._ZN12MonitorMotor6turnOnEv
                0x0000be94       0x34 ./Sources/main.o
                0x0000be94                MonitorMotor::turnOn()
 .text._ZN12MonitorMotor7turnOffEv
                0x0000bec8       0x1c ./Sources/main.o
                0x0000bec8                MonitorMotor::turnOff()
 .text._ZN10MonitorLCDD2Ev
                0x0000bee4       0x1c ./Sources/main.o
                0x0000bee4                MonitorLCD::~MonitorLCD()
                0x0000bee4                MonitorLCD::~MonitorLCD()
 .text.UART0_IRQHandler
                0x0000bf00       0x60 ./Sources/main.o
                0x0000bf00                UART0_IRQHandler
 .text.SysTick_Handler
                0x0000bf60       0x50 ./Sources/main.o
                0x0000bf60                SysTick_Handler
 .text._Z5setupv
                0x0000bfb0       0x74 ./Sources/main.o
                0x0000bfb0                setup()
 .text.main     0x0000c024      0x18c ./Sources/main.o
                0x0000c024                main
 .text._ZStplIcSt11char_traitsIcESaIcEESbIT_T0_T1_EPKS3_RKS6_
                0x0000c1b0       0x6c ./Sources/main.o
                0x0000c1b0                std::basic_string<char, std::char_traits<char>, std::allocator<char> > std::operator+<char, std::char_traits<char>, std::allocator<char> >(char const*, std::basic_string<char, std::char_traits<char>, std::allocator<char> > const&)
 .text._Z41__static_initialization_and_destruction_0ii
                0x0000c21c      0x168 ./Sources/main.o
 .text._GLOBAL__sub_I_LCDTimerMonitor
                0x0000c384       0x18 ./Sources/main.o
 .text.SystemInit
                0x0000c39c       0x18 ./Project_Settings/Startup_Code/system_MKL25Z4.o
                0x0000c39c                SystemInit
 .text._ZN22mkl_HC06BluetoothSlaveC2E12uart_PinTx_t12uart_PinRx_t
                0x0000c3b4       0xec ./Includes/mkl_HC06BluetoothSlave.o
                0x0000c3b4                mkl_HC06BluetoothSlave::mkl_HC06BluetoothSlave(uart_PinTx_t, uart_PinRx_t)
                0x0000c3b4                mkl_HC06BluetoothSlave::mkl_HC06BluetoothSlave(uart_PinTx_t, uart_PinRx_t)
 .text._ZN22mkl_HC06BluetoothSlave12receive8BitsEv
                0x0000c4a0       0x1c ./Includes/mkl_HC06BluetoothSlave.o
                0x0000c4a0                mkl_HC06BluetoothSlave::receive8Bits()
 .text.NVIC_EnableIRQ
                0x0000c4bc       0x2c ./Includes/mkl_UARTInterrupt.o
 .text.NVIC_SetPriority
                0x0000c4e8       0xe0 ./Includes/mkl_UARTInterrupt.o
 .text._ZN17mkl_UARTInterruptC2Ev
                0x0000c5c8       0x14 ./Includes/mkl_UARTInterrupt.o
                0x0000c5c8                mkl_UARTInterrupt::mkl_UARTInterrupt()
                0x0000c5c8                mkl_UARTInterrupt::mkl_UARTInterrupt()
 .text._ZN17mkl_UARTInterrupt11setPriorityE15uart_Priority_t
                0x0000c5dc       0x30 ./Includes/mkl_UARTInterrupt.o
                0x0000c5dc                mkl_UARTInterrupt::setPriority(uart_Priority_t)
 .text._ZN17mkl_UARTInterrupt16setInterruptModeE20uart_InterruptMode_t
                0x0000c60c       0x28 ./Includes/mkl_UARTInterrupt.o
                0x0000c60c                mkl_UARTInterrupt::setInterruptMode(uart_InterruptMode_t)
 .text._ZN17mkl_UARTInterrupt15enableInterruptEv
                0x0000c634       0x1c ./Includes/mkl_UARTInterrupt.o
                0x0000c634                mkl_UARTInterrupt::enableInterrupt()
 .text._ZN12mkl_UARTPortC2Ev
                0x0000c650       0x14 ./Includes/mkl_UARTPort.o
                0x0000c650                mkl_UARTPort::mkl_UARTPort()
                0x0000c650                mkl_UARTPort::mkl_UARTPort()
 .text._ZN12mkl_UARTPortC2E12uart_PinTx_t12uart_PinRx_t
                0x0000c664      0x550 ./Includes/mkl_UARTPort.o
                0x0000c664                mkl_UARTPort::mkl_UARTPort(uart_PinTx_t, uart_PinRx_t)
                0x0000c664                mkl_UARTPort::mkl_UARTPort(uart_PinTx_t, uart_PinRx_t)
 .text._ZN12mkl_UARTPort8setFrameE17uart_LengthData_t13uart_Parity_t14uart_StopBit_t14uart_FistBit_t
                0x0000cbb4      0x1b0 ./Includes/mkl_UARTPort.o
                0x0000cbb4                mkl_UARTPort::setFrame(uart_LengthData_t, uart_Parity_t, uart_StopBit_t, uart_FistBit_t)
 .text._ZN12mkl_UARTPort11setBaudRateEt
                0x0000cd64       0x90 ./Includes/mkl_UARTPort.o
                0x0000cd64                mkl_UARTPort::setBaudRate(unsigned short)
 .text._ZN12mkl_UARTPort12receiveNBitsEv
                0x0000cdf4       0x84 ./Includes/mkl_UARTPort.o
                0x0000cdf4                mkl_UARTPort::receiveNBits()
 .text.__cxa_end_cleanup
                0x0000ce78        0xc /opt/Freescale/KDS_v3/toolchain/bin/../lib/gcc/arm-none-eabi/4.8.4/../../../../arm-none-eabi/lib/armv6-m/libstdc++_s.a(eh_arm.o)
                0x0000ce78                __cxa_end_cleanup
 .text._ZN10__cxxabiv1L24__is_gxx_exception_classEPc
                0x0000ce84       0x3a /opt/Freescale/KDS_v3/toolchain/bin/../lib/gcc/arm-none-eabi/4.8.4/../../../../arm-none-eabi/lib/armv6-m/libstdc++_s.a(eh_arm.o)
 *fill*         0x0000cebe        0x2 
 .text.__cxa_type_match
                0x0000cec0       0xbc /opt/Freescale/KDS_v3/toolchain/bin/../lib/gcc/arm-none-eabi/4.8.4/../../../../arm-none-eabi/lib/armv6-m/libstdc++_s.a(eh_arm.o)
                0x0000cec0                __cxa_type_match
 .text.__cxa_begin_cleanup
                0x0000cf7c       0x38 /opt/Freescale/KDS_v3/toolchain/bin/../lib/gcc/arm-none-eabi/4.8.4/../../../../arm-none-eabi/lib/armv6-m/libstdc++_s.a(eh_arm.o)
                0x0000cf7c                __cxa_begin_cleanup
 .text.__gnu_end_cleanup
                0x0000cfb4       0x38 /opt/Freescale/KDS_v3/toolchain/bin/../lib/gcc/arm-none-eabi/4.8.4/../../../../arm-none-eabi/lib/armv6-m/libstdc++_s.a(eh_arm.o)
                0x0000cfb4                __gnu_end_cleanup
 .text._ZN10__cxxabiv111__terminateEPFvvE
                0x0000cfec        0x8 /opt/Freescale/KDS_v3/toolchain/bin/../lib/gcc/arm-none-eabi/4.8.4/../../../../arm-none-eabi/lib/armv6-m/libstdc++_s.a(eh_terminate.o)
                0x0000cfec                __cxxabiv1::__terminate(void (*)())
 .text._ZSt9terminatev
                0x0000cff4       0x10 /opt/Freescale/KDS_v3/toolchain/bin/../lib/gcc/arm-none-eabi/4.8.4/../../../../arm-none-eabi/lib/armv6-m/libstdc++_s.a(eh_terminate.o)
                0x0000cff4                std::terminate()
 .text._ZN10__cxxabiv112__unexpectedEPFvvE
                0x0000d004        0x8 /opt/Freescale/KDS_v3/toolchain/bin/../lib/gcc/arm-none-eabi/4.8.4/../../../../arm-none-eabi/lib/armv6-m/libstdc++_s.a(eh_terminate.o)
                0x0000d004                __cxxabiv1::__unexpected(void (*)())
 .text._ZSt10unexpectedv
                0x0000d00c       0x10 /opt/Freescale/KDS_v3/toolchain/bin/../lib/gcc/arm-none-eabi/4.8.4/../../../../arm-none-eabi/lib/armv6-m/libstdc++_s.a(eh_terminate.o)
                0x0000d00c                std::unexpected()
 .text._ZL12read_uleb128PKhPm
                0x0000d01c       0x30 /opt/Freescale/KDS_v3/toolchain/bin/../lib/gcc/arm-none-eabi/4.8.4/../../../../arm-none-eabi/lib/armv6-m/libstdc++_s.a(eh_personality.o)
 .text._ZL12read_sleb128PKhPl
                0x0000d04c       0x30 /opt/Freescale/KDS_v3/toolchain/bin/../lib/gcc/arm-none-eabi/4.8.4/../../../../arm-none-eabi/lib/armv6-m/libstdc++_s.a(eh_personality.o)
 .text._ZL28read_encoded_value_with_basehjPKhPj
                0x0000d07c       0xb4 /opt/Freescale/KDS_v3/toolchain/bin/../lib/gcc/arm-none-eabi/4.8.4/../../../../arm-none-eabi/lib/armv6-m/libstdc++_s.a(eh_personality.o)
 .text._ZL21base_of_encoded_valuehP15_Unwind_Context
                0x0000d130       0x44 /opt/Freescale/KDS_v3/toolchain/bin/../lib/gcc/arm-none-eabi/4.8.4/../../../../arm-none-eabi/lib/armv6-m/libstdc++_s.a(eh_personality.o)
 .text._ZL18read_encoded_valueP15_Unwind_ContexthPKhPj
                0x0000d174       0x20 /opt/Freescale/KDS_v3/toolchain/bin/../lib/gcc/arm-none-eabi/4.8.4/../../../../arm-none-eabi/lib/armv6-m/libstdc++_s.a(eh_personality.o)
 .text._ZL17parse_lsda_headerP15_Unwind_ContextPKhP16lsda_header_info
                0x0000d194       0x5e /opt/Freescale/KDS_v3/toolchain/bin/../lib/gcc/arm-none-eabi/4.8.4/../../../../arm-none-eabi/lib/armv6-m/libstdc++_s.a(eh_personality.o)
 .text._Unwind_GetGR
                0x0000d1f2       0x16 /opt/Freescale/KDS_v3/toolchain/bin/../lib/gcc/arm-none-eabi/4.8.4/../../../../arm-none-eabi/lib/armv6-m/libstdc++_s.a(eh_personality.o)
 .text.__gxx_personality_v0
                0x0000d208      0x330 /opt/Freescale/KDS_v3/toolchain/bin/../lib/gcc/arm-none-eabi/4.8.4/../../../../arm-none-eabi/lib/armv6-m/libstdc++_s.a(eh_personality.o)
                0x0000d208                __gxx_personality_v0
 .text.__cxa_get_globals
                0x0000d538        0x8 /opt/Freescale/KDS_v3/toolchain/bin/../lib/gcc/arm-none-eabi/4.8.4/../../../../arm-none-eabi/lib/armv6-m/libstdc++_s.a(eh_globals.o)
                0x0000d538                __cxa_get_globals
 .text.__aeabi_atexit
                0x0000d540        0xe /opt/Freescale/KDS_v3/toolchain/bin/../lib/gcc/arm-none-eabi/4.8.4/../../../../arm-none-eabi/lib/armv6-m/libstdc++_s.a(atexit_arm.o)
                0x0000d540                __aeabi_atexit
 *fill*         0x0000d54e        0x2 
 .text._ZN9__gnu_cxx27__verbose_terminate_handlerEv
                0x0000d550       0xa0 /opt/Freescale/KDS_v3/toolchain/bin/../lib/gcc/arm-none-eabi/4.8.4/../../../../arm-none-eabi/lib/armv6-m/libstdc++_s.a(vterminate.o)
                0x0000d550                __gnu_cxx::__verbose_terminate_handler()
 .text.__cxa_current_exception_type
                0x0000d5f0       0x1e /opt/Freescale/KDS_v3/toolchain/bin/../lib/gcc/arm-none-eabi/4.8.4/../../../../arm-none-eabi/lib/armv6-m/libstdc++_s.a(eh_type.o)
                0x0000d5f0                __cxa_current_exception_type
 .text._ZN10__cxxabiv1L24__is_gxx_exception_classEPc
                0x0000d60e       0x3a /opt/Freescale/KDS_v3/toolchain/bin/../lib/gcc/arm-none-eabi/4.8.4/../../../../arm-none-eabi/lib/armv6-m/libstdc++_s.a(eh_call.o)
 .text.__cxa_call_terminate
                0x0000d648       0x20 /opt/Freescale/KDS_v3/toolchain/bin/../lib/gcc/arm-none-eabi/4.8.4/../../../../arm-none-eabi/lib/armv6-m/libstdc++_s.a(eh_call.o)
                0x0000d648                __cxa_call_terminate
 .text.__cxa_call_unexpected
                0x0000d668       0x2e /opt/Freescale/KDS_v3/toolchain/bin/../lib/gcc/arm-none-eabi/4.8.4/../../../../arm-none-eabi/lib/armv6-m/libstdc++_s.a(eh_call.o)
                0x0000d668                __cxa_call_unexpected
 .text._ZNSaIcEC2Ev
                0x0000d696        0x2 /opt/Freescale/KDS_v3/toolchain/bin/../lib/gcc/arm-none-eabi/4.8.4/../../../../arm-none-eabi/lib/armv6-m/libstdc++_s.a(allocator-inst.o)
                0x0000d696                std::allocator<char>::allocator()
                0x0000d696                std::allocator<char>::allocator()
 .text._ZNSaIcED2Ev
                0x0000d698        0x2 /opt/Freescale/KDS_v3/toolchain/bin/../lib/gcc/arm-none-eabi/4.8.4/../../../../arm-none-eabi/lib/armv6-m/libstdc++_s.a(allocator-inst.o)
                0x0000d698                std::allocator<char>::~allocator()
                0x0000d698                std::allocator<char>::~allocator()
 .text._ZNKSs6lengthEv
                0x0000d69a        0x8 /opt/Freescale/KDS_v3/toolchain/bin/../lib/gcc/arm-none-eabi/4.8.4/../../../../arm-none-eabi/lib/armv6-m/libstdc++_s.a(string-inst.o)
                0x0000d69a                std::string::length() const
 *fill*         0x0000d6a2        0x2 
 .text._ZNKSs15_M_check_lengthEjjPKc
                0x0000d6a4       0x20 /opt/Freescale/KDS_v3/toolchain/bin/../lib/gcc/arm-none-eabi/4.8.4/../../../../arm-none-eabi/lib/armv6-m/libstdc++_s.a(string-inst.o)
                0x0000d6a4                std::string::_M_check_length(unsigned int, unsigned int, char const*) const
 .text._ZNKSs11_M_disjunctEPKc
                0x0000d6c4       0x18 /opt/Freescale/KDS_v3/toolchain/bin/../lib/gcc/arm-none-eabi/4.8.4/../../../../arm-none-eabi/lib/armv6-m/libstdc++_s.a(string-inst.o)
                0x0000d6c4                std::string::_M_disjunct(char const*) const
 .text._ZNSs7_M_copyEPcPKcj
                0x0000d6dc       0x12 /opt/Freescale/KDS_v3/toolchain/bin/../lib/gcc/arm-none-eabi/4.8.4/../../../../arm-none-eabi/lib/armv6-m/libstdc++_s.a(string-inst.o)
                0x0000d6dc                std::string::_M_copy(char*, char const*, unsigned int)
 .text._ZNSs7_M_moveEPcPKcj
                0x0000d6ee       0x12 /opt/Freescale/KDS_v3/toolchain/bin/../lib/gcc/arm-none-eabi/4.8.4/../../../../arm-none-eabi/lib/armv6-m/libstdc++_s.a(string-inst.o)
                0x0000d6ee                std::string::_M_move(char*, char const*, unsigned int)
 .text._ZNSs13_S_copy_charsEPcPKcS1_
                0x0000d700        0xa /opt/Freescale/KDS_v3/toolchain/bin/../lib/gcc/arm-none-eabi/4.8.4/../../../../arm-none-eabi/lib/armv6-m/libstdc++_s.a(string-inst.o)
                0x0000d700                std::string::_S_copy_chars(char*, char const*, char const*)
 *fill*         0x0000d70a        0x2 
 .text._ZNSsC2Ev
                0x0000d70c        0xc /opt/Freescale/KDS_v3/toolchain/bin/../lib/gcc/arm-none-eabi/4.8.4/../../../../arm-none-eabi/lib/armv6-m/libstdc++_s.a(string-inst.o)
                0x0000d70c                std::basic_string<char, std::char_traits<char>, std::allocator<char> >::basic_string()
                0x0000d70c                std::basic_string<char, std::char_traits<char>, std::allocator<char> >::basic_string()
 .text._ZNKSs4sizeEv
                0x0000d718        0x8 /opt/Freescale/KDS_v3/toolchain/bin/../lib/gcc/arm-none-eabi/4.8.4/../../../../arm-none-eabi/lib/armv6-m/libstdc++_s.a(string-inst.o)
                0x0000d718                std::string::size() const
 .text._ZNSs4swapERSs
                0x0000d720       0x28 /opt/Freescale/KDS_v3/toolchain/bin/../lib/gcc/arm-none-eabi/4.8.4/../../../../arm-none-eabi/lib/armv6-m/libstdc++_s.a(string-inst.o)
                0x0000d720                std::string::swap(std::string&)
 .text._ZNSsaSEOSs
                0x0000d748        0xc /opt/Freescale/KDS_v3/toolchain/bin/../lib/gcc/arm-none-eabi/4.8.4/../../../../arm-none-eabi/lib/armv6-m/libstdc++_s.a(string-inst.o)
                0x0000d748                std::string::operator=(std::string&&)
 .text._ZNSs4_Rep26_M_set_length_and_sharableEj
                0x0000d754       0x18 /opt/Freescale/KDS_v3/toolchain/bin/../lib/gcc/arm-none-eabi/4.8.4/../../../../arm-none-eabi/lib/armv6-m/libstdc++_s.a(string-inst.o)
                0x0000d754                std::string::_Rep::_M_set_length_and_sharable(unsigned int)
 .text._ZNSs4_Rep9_S_createEjjRKSaIcE
                0x0000d76c       0x5c /opt/Freescale/KDS_v3/toolchain/bin/../lib/gcc/arm-none-eabi/4.8.4/../../../../arm-none-eabi/lib/armv6-m/libstdc++_s.a(string-inst.o)
                0x0000d76c                std::string::_Rep::_S_create(unsigned int, unsigned int, std::allocator<char> const&)
 .text._ZNSs4_Rep10_M_destroyERKSaIcE
                0x0000d7c8        0x8 /opt/Freescale/KDS_v3/toolchain/bin/../lib/gcc/arm-none-eabi/4.8.4/../../../../arm-none-eabi/lib/armv6-m/libstdc++_s.a(string-inst.o)
                0x0000d7c8                std::string::_Rep::_M_destroy(std::allocator<char> const&)
 .text._ZNSs4_Rep10_M_disposeERKSaIcE
                0x0000d7d0       0x1c /opt/Freescale/KDS_v3/toolchain/bin/../lib/gcc/arm-none-eabi/4.8.4/../../../../arm-none-eabi/lib/armv6-m/libstdc++_s.a(string-inst.o)
                0x0000d7d0                std::string::_Rep::_M_dispose(std::allocator<char> const&)
 .text._ZNSsD2Ev
                0x0000d7ec       0x12 /opt/Freescale/KDS_v3/toolchain/bin/../lib/gcc/arm-none-eabi/4.8.4/../../../../arm-none-eabi/lib/armv6-m/libstdc++_s.a(string-inst.o)
                0x0000d7ec                std::basic_string<char, std::char_traits<char>, std::allocator<char> >::~basic_string()
                0x0000d7ec                std::basic_string<char, std::char_traits<char>, std::allocator<char> >::~basic_string()
 .text._ZNSs9_M_mutateEjjj
                0x0000d7fe       0x9a /opt/Freescale/KDS_v3/toolchain/bin/../lib/gcc/arm-none-eabi/4.8.4/../../../../arm-none-eabi/lib/armv6-m/libstdc++_s.a(string-inst.o)
                0x0000d7fe                std::string::_M_mutate(unsigned int, unsigned int, unsigned int)
 .text._ZNSs12_M_leak_hardEv
                0x0000d898       0x30 /opt/Freescale/KDS_v3/toolchain/bin/../lib/gcc/arm-none-eabi/4.8.4/../../../../arm-none-eabi/lib/armv6-m/libstdc++_s.a(string-inst.o)
                0x0000d898                std::string::_M_leak_hard()
 .text._ZNSs7_M_leakEv
                0x0000d8c8       0x12 /opt/Freescale/KDS_v3/toolchain/bin/../lib/gcc/arm-none-eabi/4.8.4/../../../../arm-none-eabi/lib/armv6-m/libstdc++_s.a(string-inst.o)
                0x0000d8c8                std::string::_M_leak()
 .text._ZNSsixEj
                0x0000d8da       0x10 /opt/Freescale/KDS_v3/toolchain/bin/../lib/gcc/arm-none-eabi/4.8.4/../../../../arm-none-eabi/lib/armv6-m/libstdc++_s.a(string-inst.o)
                0x0000d8da                std::string::operator[](unsigned int)
 .text._ZNSs15_M_replace_safeEjjPKcj
                0x0000d8ea       0x24 /opt/Freescale/KDS_v3/toolchain/bin/../lib/gcc/arm-none-eabi/4.8.4/../../../../arm-none-eabi/lib/armv6-m/libstdc++_s.a(string-inst.o)
                0x0000d8ea                std::string::_M_replace_safe(unsigned int, unsigned int, char const*, unsigned int)
 *fill*         0x0000d90e        0x2 
 .text._ZNSs6assignEPKcj
                0x0000d910       0x78 /opt/Freescale/KDS_v3/toolchain/bin/../lib/gcc/arm-none-eabi/4.8.4/../../../../arm-none-eabi/lib/armv6-m/libstdc++_s.a(string-inst.o)
                0x0000d910                std::string::assign(char const*, unsigned int)
 .text._ZNSs6assignEPKc
                0x0000d988       0x18 /opt/Freescale/KDS_v3/toolchain/bin/../lib/gcc/arm-none-eabi/4.8.4/../../../../arm-none-eabi/lib/armv6-m/libstdc++_s.a(string-inst.o)
                0x0000d988                std::string::assign(char const*)
 .text._ZNSsaSEPKc
                0x0000d9a0        0x8 /opt/Freescale/KDS_v3/toolchain/bin/../lib/gcc/arm-none-eabi/4.8.4/../../../../arm-none-eabi/lib/armv6-m/libstdc++_s.a(string-inst.o)
                0x0000d9a0                std::string::operator=(char const*)
 .text._ZNSs4_Rep10_M_refcopyEv
                0x0000d9a8       0x14 /opt/Freescale/KDS_v3/toolchain/bin/../lib/gcc/arm-none-eabi/4.8.4/../../../../arm-none-eabi/lib/armv6-m/libstdc++_s.a(string-inst.o)
                0x0000d9a8                std::string::_Rep::_M_refcopy()
 .text._ZNSs4_Rep8_M_cloneERKSaIcEj
                0x0000d9bc       0x34 /opt/Freescale/KDS_v3/toolchain/bin/../lib/gcc/arm-none-eabi/4.8.4/../../../../arm-none-eabi/lib/armv6-m/libstdc++_s.a(string-inst.o)
                0x0000d9bc                std::string::_Rep::_M_clone(std::allocator<char> const&, unsigned int)
 .text._ZNSs7reserveEj
                0x0000d9f0       0x34 /opt/Freescale/KDS_v3/toolchain/bin/../lib/gcc/arm-none-eabi/4.8.4/../../../../arm-none-eabi/lib/armv6-m/libstdc++_s.a(string-inst.o)
                0x0000d9f0                std::string::reserve(unsigned int)
 .text._ZNSs6appendERKSs
                0x0000da24       0x50 /opt/Freescale/KDS_v3/toolchain/bin/../lib/gcc/arm-none-eabi/4.8.4/../../../../arm-none-eabi/lib/armv6-m/libstdc++_s.a(string-inst.o)
                0x0000da24                std::string::append(std::string const&)
 .text._ZNSs6appendEPKcj
                0x0000da74       0x78 /opt/Freescale/KDS_v3/toolchain/bin/../lib/gcc/arm-none-eabi/4.8.4/../../../../arm-none-eabi/lib/armv6-m/libstdc++_s.a(string-inst.o)
                0x0000da74                std::string::append(char const*, unsigned int)
 .text._ZNSs4_Rep7_M_grabERKSaIcES2_
                0x0000daec       0x16 /opt/Freescale/KDS_v3/toolchain/bin/../lib/gcc/arm-none-eabi/4.8.4/../../../../arm-none-eabi/lib/armv6-m/libstdc++_s.a(string-inst.o)
                0x0000daec                std::string::_Rep::_M_grab(std::allocator<char> const&, std::allocator<char> const&)
 .text._ZNSsC2ERKSs
                0x0000db02       0x16 /opt/Freescale/KDS_v3/toolchain/bin/../lib/gcc/arm-none-eabi/4.8.4/../../../../arm-none-eabi/lib/armv6-m/libstdc++_s.a(string-inst.o)
                0x0000db02                std::basic_string<char, std::char_traits<char>, std::allocator<char> >::basic_string(std::string const&)
                0x0000db02                std::basic_string<char, std::char_traits<char>, std::allocator<char> >::basic_string(std::string const&)
 .text._ZNSs12_S_constructIPKcEEPcT_S3_RKSaIcESt20forward_iterator_tag
                0x0000db18       0x4c /opt/Freescale/KDS_v3/toolchain/bin/../lib/gcc/arm-none-eabi/4.8.4/../../../../arm-none-eabi/lib/armv6-m/libstdc++_s.a(string-inst.o)
                0x0000db18                char* std::string::_S_construct<char const*>(char const*, char const*, std::allocator<char> const&, std::forward_iterator_tag)
 .text._ZNSsC2EPKcRKSaIcE
                0x0000db64       0x2a /opt/Freescale/KDS_v3/toolchain/bin/../lib/gcc/arm-none-eabi/4.8.4/../../../../arm-none-eabi/lib/armv6-m/libstdc++_s.a(string-inst.o)
                0x0000db64                std::basic_string<char, std::char_traits<char>, std::allocator<char> >::basic_string(char const*, std::allocator<char> const&)
                0x0000db64                std::basic_string<char, std::char_traits<char>, std::allocator<char> >::basic_string(char const*, std::allocator<char> const&)
 .text._ZN10__cxxabiv1L24__is_gxx_exception_classEPc
                0x0000db8e       0x3a /opt/Freescale/KDS_v3/toolchain/bin/../lib/gcc/arm-none-eabi/4.8.4/../../../../arm-none-eabi/lib/armv6-m/libstdc++_s.a(eh_catch.o)
 .text.__cxa_begin_catch
                0x0000dbc8       0x4e /opt/Freescale/KDS_v3/toolchain/bin/../lib/gcc/arm-none-eabi/4.8.4/../../../../arm-none-eabi/lib/armv6-m/libstdc++_s.a(eh_catch.o)
                0x0000dbc8                __cxa_begin_catch
 *fill*         0x0000dc16        0x2 
 .text._Znwj    0x0000dc18       0x28 /opt/Freescale/KDS_v3/toolchain/bin/../lib/gcc/arm-none-eabi/4.8.4/../../../../arm-none-eabi/lib/armv6-m/libstdc++_s.a(new_op.o)
                0x0000dc18                operator new(unsigned int)
 .text._ZdlPv   0x0000dc40        0xc /opt/Freescale/KDS_v3/toolchain/bin/../lib/gcc/arm-none-eabi/4.8.4/../../../../arm-none-eabi/lib/armv6-m/libstdc++_s.a(del_op.o)
                0x0000dc40                operator delete(void*)
 .text._ZNK10__cxxabiv117__class_type_info11__do_upcastEPKS0_PPv
                0x0000dc4c       0x34 /opt/Freescale/KDS_v3/toolchain/bin/../lib/gcc/arm-none-eabi/4.8.4/../../../../arm-none-eabi/lib/armv6-m/libstdc++_s.a(class_type_info.o)
                0x0000dc4c                __cxxabiv1::__class_type_info::__do_upcast(__cxxabiv1::__class_type_info const*, void**) const
 .text._ZNK10__cxxabiv117__class_type_info20__do_find_public_srcEiPKvPKS0_S2_
                0x0000dc80        0xc /opt/Freescale/KDS_v3/toolchain/bin/../lib/gcc/arm-none-eabi/4.8.4/../../../../arm-none-eabi/lib/armv6-m/libstdc++_s.a(class_type_info.o)
                0x0000dc80                __cxxabiv1::__class_type_info::__do_find_public_src(int, void const*, __cxxabiv1::__class_type_info const*, void const*) const
 .text._ZN10__cxxabiv117__class_type_infoD2Ev
                0x0000dc8c       0x18 /opt/Freescale/KDS_v3/toolchain/bin/../lib/gcc/arm-none-eabi/4.8.4/../../../../arm-none-eabi/lib/armv6-m/libstdc++_s.a(class_type_info.o)
                0x0000dc8c                __cxxabiv1::__class_type_info::~__class_type_info()
                0x0000dc8c                __cxxabiv1::__class_type_info::~__class_type_info()
 .text._ZN10__cxxabiv117__class_type_infoD0Ev
                0x0000dca4       0x12 /opt/Freescale/KDS_v3/toolchain/bin/../lib/gcc/arm-none-eabi/4.8.4/../../../../arm-none-eabi/lib/armv6-m/libstdc++_s.a(class_type_info.o)
                0x0000dca4                __cxxabiv1::__class_type_info::~__class_type_info()
 .text._ZNK10__cxxabiv117__class_type_info11__do_upcastEPKS0_PKvRNS0_15__upcast_resultE
                0x0000dcb6       0x20 /opt/Freescale/KDS_v3/toolchain/bin/../lib/gcc/arm-none-eabi/4.8.4/../../../../arm-none-eabi/lib/armv6-m/libstdc++_s.a(class_type_info.o)
                0x0000dcb6                __cxxabiv1::__class_type_info::__do_upcast(__cxxabiv1::__class_type_info const*, void const*, __cxxabiv1::__class_type_info::__upcast_result&) const
 .text._ZNK10__cxxabiv117__class_type_info10__do_catchEPKSt9type_infoPPvj
                0x0000dcd6       0x2a /opt/Freescale/KDS_v3/toolchain/bin/../lib/gcc/arm-none-eabi/4.8.4/../../../../arm-none-eabi/lib/armv6-m/libstdc++_s.a(class_type_info.o)
                0x0000dcd6                __cxxabiv1::__class_type_info::__do_catch(std::type_info const*, void**, unsigned int) const
 .text._ZNK10__cxxabiv117__class_type_info12__do_dyncastEiNS0_10__sub_kindEPKS0_PKvS3_S5_RNS0_16__dyncast_resultE
                0x0000dd00       0x3a /opt/Freescale/KDS_v3/toolchain/bin/../lib/gcc/arm-none-eabi/4.8.4/../../../../arm-none-eabi/lib/armv6-m/libstdc++_s.a(class_type_info.o)
                0x0000dd00                __cxxabiv1::__class_type_info::__do_dyncast(int, __cxxabiv1::__class_type_info::__sub_kind, __cxxabiv1::__class_type_info const*, void const*, __cxxabiv1::__class_type_info const*, void const*, __cxxabiv1::__class_type_info::__dyncast_result&) const
 *fill*         0x0000dd3a        0x2 
 .text._ZN10__cxxabiv120__si_class_type_infoD2Ev
                0x0000dd3c       0x18 /opt/Freescale/KDS_v3/toolchain/bin/../lib/gcc/arm-none-eabi/4.8.4/../../../../arm-none-eabi/lib/armv6-m/libstdc++_s.a(si_class_type_info.o)
                0x0000dd3c                __cxxabiv1::__si_class_type_info::~__si_class_type_info()
                0x0000dd3c                __cxxabiv1::__si_class_type_info::~__si_class_type_info()
 .text._ZN10__cxxabiv120__si_class_type_infoD0Ev
                0x0000dd54       0x12 /opt/Freescale/KDS_v3/toolchain/bin/../lib/gcc/arm-none-eabi/4.8.4/../../../../arm-none-eabi/lib/armv6-m/libstdc++_s.a(si_class_type_info.o)
                0x0000dd54                __cxxabiv1::__si_class_type_info::~__si_class_type_info()
 .text._ZNK10__cxxabiv120__si_class_type_info20__do_find_public_srcEiPKvPKNS_17__class_type_infoES2_
                0x0000dd66       0x32 /opt/Freescale/KDS_v3/toolchain/bin/../lib/gcc/arm-none-eabi/4.8.4/../../../../arm-none-eabi/lib/armv6-m/libstdc++_s.a(si_class_type_info.o)
                0x0000dd66                __cxxabiv1::__si_class_type_info::__do_find_public_src(int, void const*, __cxxabiv1::__class_type_info const*, void const*) const
 .text._ZNK10__cxxabiv120__si_class_type_info12__do_dyncastEiNS_17__class_type_info10__sub_kindEPKS1_PKvS4_S6_RNS1_16__dyncast_resultE
                0x0000dd98       0x7c /opt/Freescale/KDS_v3/toolchain/bin/../lib/gcc/arm-none-eabi/4.8.4/../../../../arm-none-eabi/lib/armv6-m/libstdc++_s.a(si_class_type_info.o)
                0x0000dd98                __cxxabiv1::__si_class_type_info::__do_dyncast(int, __cxxabiv1::__class_type_info::__sub_kind, __cxxabiv1::__class_type_info const*, void const*, __cxxabiv1::__class_type_info const*, void const*, __cxxabiv1::__class_type_info::__dyncast_result&) const
 .text._ZNK10__cxxabiv120__si_class_type_info11__do_upcastEPKNS_17__class_type_infoEPKvRNS1_15__upcast_resultE
                0x0000de14       0x26 /opt/Freescale/KDS_v3/toolchain/bin/../lib/gcc/arm-none-eabi/4.8.4/../../../../arm-none-eabi/lib/armv6-m/libstdc++_s.a(si_class_type_info.o)
                0x0000de14                __cxxabiv1::__si_class_type_info::__do_upcast(__cxxabiv1::__class_type_info const*, void const*, __cxxabiv1::__class_type_info::__upcast_result&) const
 .text._ZSt19__throw_logic_errorPKc
                0x0000de3a        0x6 /opt/Freescale/KDS_v3/toolchain/bin/../lib/gcc/arm-none-eabi/4.8.4/../../../../arm-none-eabi/lib/armv6-m/libstdc++_s.a(functexcept.o)
                0x0000de3a                std::__throw_logic_error(char const*)
 .text._ZSt20__throw_length_errorPKc
                0x0000de40        0x6 /opt/Freescale/KDS_v3/toolchain/bin/../lib/gcc/arm-none-eabi/4.8.4/../../../../arm-none-eabi/lib/armv6-m/libstdc++_s.a(functexcept.o)
                0x0000de40                std::__throw_length_error(char const*)
 *fill*         0x0000de46        0x2 
 .text._ZNSt9type_infoD2Ev
                0x0000de48        0xc /opt/Freescale/KDS_v3/toolchain/bin/../lib/gcc/arm-none-eabi/4.8.4/../../../../arm-none-eabi/lib/armv6-m/libstdc++_s.a(tinfo.o)
                0x0000de48                std::type_info::~type_info()
                0x0000de48                std::type_info::~type_info()
 .text._ZNKSt9type_info14__is_pointer_pEv
                0x0000de54        0x4 /opt/Freescale/KDS_v3/toolchain/bin/../lib/gcc/arm-none-eabi/4.8.4/../../../../arm-none-eabi/lib/armv6-m/libstdc++_s.a(tinfo.o)
                0x0000de54                std::type_info::__is_pointer_p() const
 .text._ZNKSt9type_info15__is_function_pEv
                0x0000de58        0x4 /opt/Freescale/KDS_v3/toolchain/bin/../lib/gcc/arm-none-eabi/4.8.4/../../../../arm-none-eabi/lib/armv6-m/libstdc++_s.a(tinfo.o)
                0x0000de58                std::type_info::__is_function_p() const
 .text._ZNKSt9type_info11__do_upcastEPKN10__cxxabiv117__class_type_infoEPPv
                0x0000de5c        0x4 /opt/Freescale/KDS_v3/toolchain/bin/../lib/gcc/arm-none-eabi/4.8.4/../../../../arm-none-eabi/lib/armv6-m/libstdc++_s.a(tinfo.o)
                0x0000de5c                std::type_info::__do_upcast(__cxxabiv1::__class_type_info const*, void**) const
 .text._ZNSt9type_infoD0Ev
                0x0000de60       0x18 /opt/Freescale/KDS_v3/toolchain/bin/../lib/gcc/arm-none-eabi/4.8.4/../../../../arm-none-eabi/lib/armv6-m/libstdc++_s.a(tinfo.o)
                0x0000de60                std::type_info::~type_info()
 .text._ZNKSt9type_infoeqERKS_
                0x0000de78       0x2e /opt/Freescale/KDS_v3/toolchain/bin/../lib/gcc/arm-none-eabi/4.8.4/../../../../arm-none-eabi/lib/armv6-m/libstdc++_s.a(tinfo.o)
                0x0000de78                std::type_info::operator==(std::type_info const&) const
 .text._ZNKSt9type_info10__do_catchEPKS_PPvj
                0x0000dea6        0x8 /opt/Freescale/KDS_v3/toolchain/bin/../lib/gcc/arm-none-eabi/4.8.4/../../../../arm-none-eabi/lib/armv6-m/libstdc++_s.a(tinfo.o)
                0x0000dea6                std::type_info::__do_catch(std::type_info const*, void**, unsigned int) const
 .text.abort    0x0000deae        0xe /opt/Freescale/KDS_v3/toolchain/bin/../lib/gcc/arm-none-eabi/4.8.4/../../../../arm-none-eabi/lib/armv6-m/libg_s.a(lib_a-abort.o)
                0x0000deae                abort
 .text.__cxa_atexit
                0x0000debc       0x20 /opt/Freescale/KDS_v3/toolchain/bin/../lib/gcc/arm-none-eabi/4.8.4/../../../../arm-none-eabi/lib/armv6-m/libg_s.a(lib_a-cxa_atexit.o)
                0x0000debc                __cxa_atexit
 .text.exit     0x0000dedc       0x2c /opt/Freescale/KDS_v3/toolchain/bin/../lib/gcc/arm-none-eabi/4.8.4/../../../../arm-none-eabi/lib/armv6-m/libg_s.a(lib_a-exit.o)
                0x0000dedc                exit
 .text._fputs_r
                0x0000df08       0xa8 /opt/Freescale/KDS_v3/toolchain/bin/../lib/gcc/arm-none-eabi/4.8.4/../../../../arm-none-eabi/lib/armv6-m/libg_s.a(lib_a-fputs.o)
                0x0000df08                _fputs_r
 .text.fputs    0x0000dfb0       0x18 /opt/Freescale/KDS_v3/toolchain/bin/../lib/gcc/arm-none-eabi/4.8.4/../../../../arm-none-eabi/lib/armv6-m/libg_s.a(lib_a-fputs.o)
                0x0000dfb0                fputs
 .text.__libc_init_array
                0x0000dfc8       0x4c /opt/Freescale/KDS_v3/toolchain/bin/../lib/gcc/arm-none-eabi/4.8.4/../../../../arm-none-eabi/lib/armv6-m/libg_s.a(lib_a-init.o)
                0x0000dfc8                __libc_init_array
 .text.malloc   0x0000e014       0x14 /opt/Freescale/KDS_v3/toolchain/bin/../lib/gcc/arm-none-eabi/4.8.4/../../../../arm-none-eabi/lib/armv6-m/libg_s.a(lib_a-malloc.o)
                0x0000e014                malloc
 .text.free     0x0000e028       0x14 /opt/Freescale/KDS_v3/toolchain/bin/../lib/gcc/arm-none-eabi/4.8.4/../../../../arm-none-eabi/lib/armv6-m/libg_s.a(lib_a-malloc.o)
                0x0000e028                free
 .text.memchr   0x0000e03c       0x16 /opt/Freescale/KDS_v3/toolchain/bin/../lib/gcc/arm-none-eabi/4.8.4/../../../../arm-none-eabi/lib/armv6-m/libg_s.a(lib_a-memchr-stub.o)
                0x0000e03c                memchr
 .text.memcmp   0x0000e052       0x1e /opt/Freescale/KDS_v3/toolchain/bin/../lib/gcc/arm-none-eabi/4.8.4/../../../../arm-none-eabi/lib/armv6-m/libg_s.a(lib_a-memcmp.o)
                0x0000e052                memcmp
 .text.memcpy   0x0000e070       0x12 /opt/Freescale/KDS_v3/toolchain/bin/../lib/gcc/arm-none-eabi/4.8.4/../../../../arm-none-eabi/lib/armv6-m/libg_s.a(lib_a-memcpy-stub.o)
                0x0000e070                memcpy
 .text.memmove  0x0000e082       0x32 /opt/Freescale/KDS_v3/toolchain/bin/../lib/gcc/arm-none-eabi/4.8.4/../../../../arm-none-eabi/lib/armv6-m/libg_s.a(lib_a-memmove.o)
                0x0000e082                memmove
 .text.memset   0x0000e0b4       0x10 /opt/Freescale/KDS_v3/toolchain/bin/../lib/gcc/arm-none-eabi/4.8.4/../../../../arm-none-eabi/lib/armv6-m/libg_s.a(lib_a-memset.o)
                0x0000e0b4                memset
 .text._free_r  0x0000e0c4       0x90 /opt/Freescale/KDS_v3/toolchain/bin/../lib/gcc/arm-none-eabi/4.8.4/../../../../arm-none-eabi/lib/armv6-m/libg_s.a(lib_a-nano-freer.o)
                0x0000e0c4                _free_r
 .text._malloc_r
                0x0000e154       0xa8 /opt/Freescale/KDS_v3/toolchain/bin/../lib/gcc/arm-none-eabi/4.8.4/../../../../arm-none-eabi/lib/armv6-m/libg_s.a(lib_a-nano-mallocr.o)
                0x0000e154                _malloc_r
 .text.realloc  0x0000e1fc       0x18 /opt/Freescale/KDS_v3/toolchain/bin/../lib/gcc/arm-none-eabi/4.8.4/../../../../arm-none-eabi/lib/armv6-m/libg_s.a(lib_a-realloc.o)
                0x0000e1fc                realloc
 .text._sbrk_r  0x0000e214       0x24 /opt/Freescale/KDS_v3/toolchain/bin/../lib/gcc/arm-none-eabi/4.8.4/../../../../arm-none-eabi/lib/armv6-m/libg_s.a(lib_a-sbrkr.o)
                0x0000e214                _sbrk_r
 .text._raise_r
                0x0000e238       0x56 /opt/Freescale/KDS_v3/toolchain/bin/../lib/gcc/arm-none-eabi/4.8.4/../../../../arm-none-eabi/lib/armv6-m/libg_s.a(lib_a-signal.o)
                0x0000e238                _raise_r
 *fill*         0x0000e28e        0x2 
 .text.raise    0x0000e290       0x14 /opt/Freescale/KDS_v3/toolchain/bin/../lib/gcc/arm-none-eabi/4.8.4/../../../../arm-none-eabi/lib/armv6-m/libg_s.a(lib_a-signal.o)
                0x0000e290                raise
 .text._kill_r  0x0000e2a4       0x24 /opt/Freescale/KDS_v3/toolchain/bin/../lib/gcc/arm-none-eabi/4.8.4/../../../../arm-none-eabi/lib/armv6-m/libg_s.a(lib_a-signalr.o)
                0x0000e2a4                _kill_r
 .text._getpid_r
                0x0000e2c8        0x8 /opt/Freescale/KDS_v3/toolchain/bin/../lib/gcc/arm-none-eabi/4.8.4/../../../../arm-none-eabi/lib/armv6-m/libg_s.a(lib_a-signalr.o)
                0x0000e2c8                _getpid_r
 .text.sprintf  0x0000e2d0       0x44 /opt/Freescale/KDS_v3/toolchain/bin/../lib/gcc/arm-none-eabi/4.8.4/../../../../arm-none-eabi/lib/armv6-m/libg_s.a(lib_a-sprintf.o)
                0x0000e2d0                sprintf
                0x0000e2d0                siprintf
 .text.strlen   0x0000e314        0xe /opt/Freescale/KDS_v3/toolchain/bin/../lib/gcc/arm-none-eabi/4.8.4/../../../../arm-none-eabi/lib/armv6-m/libg_s.a(lib_a-strlen.o)
                0x0000e314                strlen
 .text.strncmp  0x0000e322       0x2c /opt/Freescale/KDS_v3/toolchain/bin/../lib/gcc/arm-none-eabi/4.8.4/../../../../arm-none-eabi/lib/armv6-m/libg_s.a(lib_a-strncmp.o)
                0x0000e322                strncmp
 *fill*         0x0000e34e        0x2 
 .text.__ssputs_r
                0x0000e350       0xc0 /opt/Freescale/KDS_v3/toolchain/bin/../lib/gcc/arm-none-eabi/4.8.4/../../../../arm-none-eabi/lib/armv6-m/libg_s.a(lib_a-svfprintf.o)
                0x0000e350                __ssputs_r
 .text._svfprintf_r
                0x0000e410      0x1e0 /opt/Freescale/KDS_v3/toolchain/bin/../lib/gcc/arm-none-eabi/4.8.4/../../../../arm-none-eabi/lib/armv6-m/libg_s.a(lib_a-svfprintf.o)
                0x0000e410                _svfprintf_r
                0x0000e410                _svfiprintf_r
 .text._printf_common
                0x0000e5f0       0xe8 /opt/Freescale/KDS_v3/toolchain/bin/../lib/gcc/arm-none-eabi/4.8.4/../../../../arm-none-eabi/lib/armv6-m/libg_s.a(lib_a-vfprintf_i.o)
                0x0000e5f0                _printf_common
 .text._printf_i
                0x0000e6d8      0x22c /opt/Freescale/KDS_v3/toolchain/bin/../lib/gcc/arm-none-eabi/4.8.4/../../../../arm-none-eabi/lib/armv6-m/libg_s.a(lib_a-vfprintf_i.o)
                0x0000e6d8                _printf_i
 .text.__swbuf_r
                0x0000e904       0xb0 /opt/Freescale/KDS_v3/toolchain/bin/../lib/gcc/arm-none-eabi/4.8.4/../../../../arm-none-eabi/lib/armv6-m/libg_s.a(lib_a-wbuf.o)
                0x0000e904                __swbuf_r
 .text._write_r
                0x0000e9b4       0x28 /opt/Freescale/KDS_v3/toolchain/bin/../lib/gcc/arm-none-eabi/4.8.4/../../../../arm-none-eabi/lib/armv6-m/libg_s.a(lib_a-writer.o)
                0x0000e9b4                _write_r
 .text.__swsetup_r
                0x0000e9dc       0xe4 /opt/Freescale/KDS_v3/toolchain/bin/../lib/gcc/arm-none-eabi/4.8.4/../../../../arm-none-eabi/lib/armv6-m/libg_s.a(lib_a-wsetup.o)
                0x0000e9dc                __swsetup_r
 .text.__sflush_r
                0x0000eac0      0x112 /opt/Freescale/KDS_v3/toolchain/bin/../lib/gcc/arm-none-eabi/4.8.4/../../../../arm-none-eabi/lib/armv6-m/libg_s.a(lib_a-fflush.o)
                0x0000eac0                __sflush_r
 *fill*         0x0000ebd2        0x2 
 .text._fflush_r
                0x0000ebd4       0x58 /opt/Freescale/KDS_v3/toolchain/bin/../lib/gcc/arm-none-eabi/4.8.4/../../../../arm-none-eabi/lib/armv6-m/libg_s.a(lib_a-fflush.o)
                0x0000ebd4                _fflush_r
 .text._cleanup_r
                0x0000ec2c       0x34 /opt/Freescale/KDS_v3/toolchain/bin/../lib/gcc/arm-none-eabi/4.8.4/../../../../arm-none-eabi/lib/armv6-m/libg_s.a(lib_a-findfp.o)
                0x0000ec2c                _cleanup_r
 .text.std.isra.0
                0x0000ec60       0x48 /opt/Freescale/KDS_v3/toolchain/bin/../lib/gcc/arm-none-eabi/4.8.4/../../../../arm-none-eabi/lib/armv6-m/libg_s.a(lib_a-findfp.o)
 .text.__sfmoreglue
                0x0000eca8       0x2c /opt/Freescale/KDS_v3/toolchain/bin/../lib/gcc/arm-none-eabi/4.8.4/../../../../arm-none-eabi/lib/armv6-m/libg_s.a(lib_a-findfp.o)
                0x0000eca8                __sfmoreglue
 .text.__sinit  0x0000ecd4       0x64 /opt/Freescale/KDS_v3/toolchain/bin/../lib/gcc/arm-none-eabi/4.8.4/../../../../arm-none-eabi/lib/armv6-m/libg_s.a(lib_a-findfp.o)
                0x0000ecd4                __sinit
 .text.__sfp    0x0000ed38       0x7c /opt/Freescale/KDS_v3/toolchain/bin/../lib/gcc/arm-none-eabi/4.8.4/../../../../arm-none-eabi/lib/armv6-m/libg_s.a(lib_a-findfp.o)
                0x0000ed38                __sfp
 .text.__smakebuf_r
                0x0000edb4       0xa0 /opt/Freescale/KDS_v3/toolchain/bin/../lib/gcc/arm-none-eabi/4.8.4/../../../../arm-none-eabi/lib/armv6-m/libg_s.a(lib_a-makebuf.o)
                0x0000edb4                __smakebuf_r
 .text._realloc_r
                0x0000ee54       0x4c /opt/Freescale/KDS_v3/toolchain/bin/../lib/gcc/arm-none-eabi/4.8.4/../../../../arm-none-eabi/lib/armv6-m/libg_s.a(lib_a-nano-reallocr.o)
                0x0000ee54                _realloc_r
 .text.__sread  0x0000eea0       0x28 /opt/Freescale/KDS_v3/toolchain/bin/../lib/gcc/arm-none-eabi/4.8.4/../../../../arm-none-eabi/lib/armv6-m/libg_s.a(lib_a-stdio.o)
                0x0000eea0                __sread
 .text.__swrite
                0x0000eec8       0x38 /opt/Freescale/KDS_v3/toolchain/bin/../lib/gcc/arm-none-eabi/4.8.4/../../../../arm-none-eabi/lib/armv6-m/libg_s.a(lib_a-stdio.o)
                0x0000eec8                __swrite
 .text.__sseek  0x0000ef00       0x2c /opt/Freescale/KDS_v3/toolchain/bin/../lib/gcc/arm-none-eabi/4.8.4/../../../../arm-none-eabi/lib/armv6-m/libg_s.a(lib_a-stdio.o)
                0x0000ef00                __sseek
 .text.__sclose
                0x0000ef2c        0xc /opt/Freescale/KDS_v3/toolchain/bin/../lib/gcc/arm-none-eabi/4.8.4/../../../../arm-none-eabi/lib/armv6-m/libg_s.a(lib_a-stdio.o)
                0x0000ef2c                __sclose
 .text._close_r
                0x0000ef38       0x24 /opt/Freescale/KDS_v3/toolchain/bin/../lib/gcc/arm-none-eabi/4.8.4/../../../../arm-none-eabi/lib/armv6-m/libg_s.a(lib_a-closer.o)
                0x0000ef38                _close_r
 .text._fstat_r
                0x0000ef5c       0x24 /opt/Freescale/KDS_v3/toolchain/bin/../lib/gcc/arm-none-eabi/4.8.4/../../../../arm-none-eabi/lib/armv6-m/libg_s.a(lib_a-fstatr.o)
                0x0000ef5c                _fstat_r
 .text._isatty_r
                0x0000ef80       0x24 /opt/Freescale/KDS_v3/toolchain/bin/../lib/gcc/arm-none-eabi/4.8.4/../../../../arm-none-eabi/lib/armv6-m/libg_s.a(lib_a-isattyr.o)
                0x0000ef80                _isatty_r
 .text._lseek_r
                0x0000efa4       0x28 /opt/Freescale/KDS_v3/toolchain/bin/../lib/gcc/arm-none-eabi/4.8.4/../../../../arm-none-eabi/lib/armv6-m/libg_s.a(lib_a-lseekr.o)
                0x0000efa4                _lseek_r
 .text._malloc_usable_size_r
                0x0000efcc       0x12 /opt/Freescale/KDS_v3/toolchain/bin/../lib/gcc/arm-none-eabi/4.8.4/../../../../arm-none-eabi/lib/armv6-m/libg_s.a(lib_a-nano-msizer.o)
                0x0000efcc                _malloc_usable_size_r
 *fill*         0x0000efde        0x2 
 .text._read_r  0x0000efe0       0x28 /opt/Freescale/KDS_v3/toolchain/bin/../lib/gcc/arm-none-eabi/4.8.4/../../../../arm-none-eabi/lib/armv6-m/libg_s.a(lib_a-readr.o)
                0x0000efe0                _read_r
 .text._close   0x0000f008       0x10 /opt/Freescale/KDS_v3/toolchain/bin/../lib/gcc/arm-none-eabi/4.8.4/../../../../arm-none-eabi/lib/armv6-m/libnosys.a(close.o)
                0x0000f008                _close
 .text._fstat   0x0000f018       0x10 /opt/Freescale/KDS_v3/toolchain/bin/../lib/gcc/arm-none-eabi/4.8.4/../../../../arm-none-eabi/lib/armv6-m/libnosys.a(fstat.o)
                0x0000f018                _fstat
 .text._getpid  0x0000f028       0x10 /opt/Freescale/KDS_v3/toolchain/bin/../lib/gcc/arm-none-eabi/4.8.4/../../../../arm-none-eabi/lib/armv6-m/libnosys.a(getpid.o)
                0x0000f028                _getpid
 .text._isatty  0x0000f038       0x10 /opt/Freescale/KDS_v3/toolchain/bin/../lib/gcc/arm-none-eabi/4.8.4/../../../../arm-none-eabi/lib/armv6-m/libnosys.a(isatty.o)
                0x0000f038                _isatty
 .text._kill    0x0000f048       0x10 /opt/Freescale/KDS_v3/toolchain/bin/../lib/gcc/arm-none-eabi/4.8.4/../../../../arm-none-eabi/lib/armv6-m/libnosys.a(kill.o)
                0x0000f048                _kill