Archive member included because of file (symbol)

c:/freescale/kds_v3/toolchain/bin/../lib/gcc/arm-none-eabi/4.8.4/armv6-m\libgcc.a(_udivsi3.o)
                              ./Project_Settings/Startup_Code/system_MKL25Z4.o (__aeabi_uidiv)
c:/freescale/kds_v3/toolchain/bin/../lib/gcc/arm-none-eabi/4.8.4/armv6-m\libgcc.a(_divsi3.o)
                              ./Includes/mkl_UARTPort.o (__aeabi_idiv)
c:/freescale/kds_v3/toolchain/bin/../lib/gcc/arm-none-eabi/4.8.4/armv6-m\libgcc.a(_dvmd_tls.o)
                              c:/freescale/kds_v3/toolchain/bin/../lib/gcc/arm-none-eabi/4.8.4/armv6-m\libgcc.a(_udivsi3.o) (__aeabi_idiv0)
c:/freescale/kds_v3/toolchain/bin/../lib/gcc/arm-none-eabi/4.8.4/armv6-m\libgcc.a(unwind-arm.o)
                              ./Sources/main.o (__aeabi_unwind_cpp_pr0)
c:/freescale/kds_v3/toolchain/bin/../lib/gcc/arm-none-eabi/4.8.4/armv6-m\libgcc.a(libunwind.o)
                              c:/freescale/kds_v3/toolchain/bin/../lib/gcc/arm-none-eabi/4.8.4/armv6-m\libgcc.a(unwind-arm.o) (restore_core_regs)
c:/freescale/kds_v3/toolchain/bin/../lib/gcc/arm-none-eabi/4.8.4/armv6-m\libgcc.a(pr-support.o)
                              c:/freescale/kds_v3/toolchain/bin/../lib/gcc/arm-none-eabi/4.8.4/armv6-m\libgcc.a(unwind-arm.o) (__gnu_unwind_execute)
c:/freescale/kds_v3/toolchain/bin/../lib/gcc/arm-none-eabi/4.8.4/../../../../arm-none-eabi/lib/armv6-m\libg_s.a(lib_a-abort.o)
                              c:/freescale/kds_v3/toolchain/bin/../lib/gcc/arm-none-eabi/4.8.4/armv6-m\libgcc.a(unwind-arm.o) (abort)
c:/freescale/kds_v3/toolchain/bin/../lib/gcc/arm-none-eabi/4.8.4/../../../../arm-none-eabi/lib/armv6-m\libg_s.a(lib_a-exit.o)
                              c:/freescale/kds_v3/toolchain/bin/../lib/gcc/arm-none-eabi/4.8.4/../../../../arm-none-eabi/lib/armv6-m/crt0.o (exit)
c:/freescale/kds_v3/toolchain/bin/../lib/gcc/arm-none-eabi/4.8.4/../../../../arm-none-eabi/lib/armv6-m\libg_s.a(lib_a-impure.o)
                              c:/freescale/kds_v3/toolchain/bin/../lib/gcc/arm-none-eabi/4.8.4/../../../../arm-none-eabi/lib/armv6-m\libg_s.a(lib_a-exit.o) (_global_impure_ptr)
c:/freescale/kds_v3/toolchain/bin/../lib/gcc/arm-none-eabi/4.8.4/../../../../arm-none-eabi/lib/armv6-m\libg_s.a(lib_a-init.o)
                              c:/freescale/kds_v3/toolchain/bin/../lib/gcc/arm-none-eabi/4.8.4/../../../../arm-none-eabi/lib/armv6-m/crt0.o (__libc_init_array)
c:/freescale/kds_v3/toolchain/bin/../lib/gcc/arm-none-eabi/4.8.4/../../../../arm-none-eabi/lib/armv6-m\libg_s.a(lib_a-memcpy-stub.o)
                              ./Includes/mkl_HC06BluetoothSlave.o (memcpy)
c:/freescale/kds_v3/toolchain/bin/../lib/gcc/arm-none-eabi/4.8.4/../../../../arm-none-eabi/lib/armv6-m\libg_s.a(lib_a-memset.o)
                              c:/freescale/kds_v3/toolchain/bin/../lib/gcc/arm-none-eabi/4.8.4/../../../../arm-none-eabi/lib/armv6-m/crt0.o (memset)
c:/freescale/kds_v3/toolchain/bin/../lib/gcc/arm-none-eabi/4.8.4/../../../../arm-none-eabi/lib/armv6-m\libg_s.a(lib_a-signal.o)
                              c:/freescale/kds_v3/toolchain/bin/../lib/gcc/arm-none-eabi/4.8.4/../../../../arm-none-eabi/lib/armv6-m\libg_s.a(lib_a-abort.o) (raise)
c:/freescale/kds_v3/toolchain/bin/../lib/gcc/arm-none-eabi/4.8.4/../../../../arm-none-eabi/lib/armv6-m\libg_s.a(lib_a-signalr.o)
                              c:/freescale/kds_v3/toolchain/bin/../lib/gcc/arm-none-eabi/4.8.4/../../../../arm-none-eabi/lib/armv6-m\libg_s.a(lib_a-signal.o) (_kill_r)
c:/freescale/kds_v3/toolchain/bin/../lib/gcc/arm-none-eabi/4.8.4/../../../../arm-none-eabi/lib/armv6-m\libg_s.a(lib_a-nano-mallocr.o)
                              c:/freescale/kds_v3/toolchain/bin/../lib/gcc/arm-none-eabi/4.8.4/../../../../arm-none-eabi/lib/armv6-m\libg_s.a(lib_a-signal.o) (_malloc_r)
c:/freescale/kds_v3/toolchain/bin/../lib/gcc/arm-none-eabi/4.8.4/../../../../arm-none-eabi/lib/armv6-m\libg_s.a(lib_a-reent.o)
                              c:/freescale/kds_v3/toolchain/bin/../lib/gcc/arm-none-eabi/4.8.4/../../../../arm-none-eabi/lib/armv6-m\libg_s.a(lib_a-signalr.o) (errno)
c:/freescale/kds_v3/toolchain/bin/../lib/gcc/arm-none-eabi/4.8.4/../../../../arm-none-eabi/lib/armv6-m\libg_s.a(lib_a-sbrkr.o)
                              c:/freescale/kds_v3/toolchain/bin/../lib/gcc/arm-none-eabi/4.8.4/../../../../arm-none-eabi/lib/armv6-m\libg_s.a(lib_a-nano-mallocr.o) (_sbrk_r)
c:/freescale/kds_v3/toolchain/bin/../lib/gcc/arm-none-eabi/4.8.4/../../../../arm-none-eabi/lib/armv6-m\libg_s.a(lib_a-nano-freer.o)
                              c:/freescale/kds_v3/toolchain/bin/../lib/gcc/arm-none-eabi/4.8.4/../../../../arm-none-eabi/lib/armv6-m\libg_s.a(lib_a-reent.o) (_free_r)
c:/freescale/kds_v3/toolchain/bin/../lib/gcc/arm-none-eabi/4.8.4/../../../../arm-none-eabi/lib/armv6-m\libnosys.a(getpid.o)
[...]
Memory Configuration

Name             Origin             Length             Attributes
m_interrupts     0x00000000         0x00000100         xr
m_flash_config   0x00000400         0x00000010         xr
m_text           0x00000410         0x0001fbf0         xr
m_data           0x1ffff000         0x00004000         rw
*default*        0x00000000         0xffffffff

Linker script and memory map

LOAD c:/freescale/kds_v3/toolchain/bin/../lib/gcc/arm-none-eabi/4.8.4/armv6-m/crti.o
LOAD c:/freescale/kds_v3/toolchain/bin/../lib/gcc/arm-none-eabi/4.8.4/armv6-m/crtbegin.o
LOAD c:/freescale/kds_v3/toolchain/bin/../lib/gcc/arm-none-eabi/4.8.4/../../../../arm-none-eabi/lib/armv6-m/crt0.o
LOAD ./Sources/teclado/mkl_KeyboardParallelPort.o
LOAD ./Sources/servicos/Cozimento.o
LOAD ./Sources/servicos/EditService.o
LOAD ./Sources/servicos/IncrementService.o
LOAD ./Sources/dispositivos/decoder.o
LOAD ./Sources/dispositivos/displaySegments.o
LOAD ./Sources/dispositivos/led.o
LOAD ./Sources/dispositivos/switch.o
LOAD ./Sources/digitais/digitalFactory.o
LOAD ./Sources/digitais/registrador.o
LOAD ./Sources/main.o
LOAD ./Project_Settings/Startup_Code/startup_MKL25Z4.o
LOAD ./Project_Settings/Startup_Code/system_MKL25Z4.o
LOAD ./Includes/mkl_HC06BluetoothSlave.o
LOAD ./Includes/mkl_UARTInterrupt.o
LOAD ./Includes/mkl_UARTPort.o
LOAD c:/freescale/kds_v3/toolchain/bin/../lib/gcc/arm-none-eabi/4.8.4/../../../../arm-none-eabi/lib/armv6-m\libstdc++_s.a
LOAD c:/freescale/kds_v3/toolchain/bin/../lib/gcc/arm-none-eabi/4.8.4/../../../../arm-none-eabi/lib/armv6-m\libm.a
START GROUP
LOAD c:/freescale/kds_v3/toolchain/bin/../lib/gcc/arm-none-eabi/4.8.4/armv6-m\libgcc.a
LOAD c:/freescale/kds_v3/toolchain/bin/../lib/gcc/arm-none-eabi/4.8.4/../../../../arm-none-eabi/lib/armv6-m\libg_s.a
LOAD c:/freescale/kds_v3/toolchain/bin/../lib/gcc/arm-none-eabi/4.8.4/../../../../arm-none-eabi/lib/armv6-m\libc_s.a
END GROUP
START GROUP
LOAD c:/freescale/kds_v3/toolchain/bin/../lib/gcc/arm-none-eabi/4.8.4/armv6-m\libgcc.a
LOAD c:/freescale/kds_v3/toolchain/bin/../lib/gcc/arm-none-eabi/4.8.4/../../../../arm-none-eabi/lib/armv6-m\libc_s.a
LOAD c:/freescale/kds_v3/toolchain/bin/../lib/gcc/arm-none-eabi/4.8.4/../../../../arm-none-eabi/lib/armv6-m\libnosys.a
END GROUP
START GROUP
LOAD c:/freescale/kds_v3/toolchain/bin/../lib/gcc/arm-none-eabi/4.8.4/armv6-m\libgcc.a
LOAD c:/freescale/kds_v3/toolchain/bin/../lib/gcc/arm-none-eabi/4.8.4/../../../../arm-none-eabi/lib/armv6-m\libc_s.a
LOAD c:/freescale/kds_v3/toolchain/bin/../lib/gcc/arm-none-eabi/4.8.4/../../../../arm-none-eabi/lib/armv6-m\libnosys.a
END GROUP
LOAD c:/freescale/kds_v3/toolchain/bin/../lib/gcc/arm-none-eabi/4.8.4/armv6-m/crtend.o
LOAD c:/freescale/kds_v3/toolchain/bin/../lib/gcc/arm-none-eabi/4.8.4/armv6-m/crtn.o
                0x00000400                HEAP_SIZE = DEFINED (__heap_size__)?__heap_size__:0x400
                0x00000400                STACK_SIZE = DEFINED (__stack_size__)?__stack_size__:0x400

.interrupts     0x00000000       0xc0
                0x00000000                __VECTOR_TABLE = .
                0x00000000                . = ALIGN (0x4)
 *(.isr_vector)
 .isr_vector    0x00000000       0xc0 ./Project_Settings/Startup_Code/startup_MKL25Z4.o
                0x00000000                __isr_vector
                0x000000c0                . = ALIGN (0x4)

.flash_config   0x00000400       0x10
                0x00000400                . = ALIGN (0x4)
 *(.FlashConfig)
 .FlashConfig   0x00000400       0x10 ./Project_Settings/Startup_Code/startup_MKL25Z4.o
                0x00000410                . = ALIGN (0x4)

.text           0x00000410     0x37f0
                0x00000410                . = ALIGN (0x4)
 *(.text)
 .text          0x00000410       0x60 c:/freescale/kds_v3/toolchain/bin/../lib/gcc/arm-none-eabi/4.8.4/armv6-m/crtbegin.o
 .text          0x00000470       0x78 c:/freescale/kds_v3/toolchain/bin/../lib/gcc/arm-none-eabi/4.8.4/../../../../arm-none-eabi/lib/armv6-m/crt0.o
                0x00000470                _start
                0x00000470                _mainCRTStartup
 .text          0x000004e8       0x34 ./Project_Settings/Startup_Code/startup_MKL25Z4.o
                0x000004e8                Reset_Handler
                0x00000514                HardFault_Handler
                0x00000514                PendSV_Handler
                0x00000514                NMI_Handler
                0x00000514                I2C1_IRQHandler
                0x00000514                UART1_IRQHandler
                0x00000514                DMA2_IRQHandler
                0x00000514                TPM0_IRQHandler
                0x00000514                LLWU_IRQHandler
                0x00000514                TSI0_IRQHandler
                0x00000514                ADC0_IRQHandler
                0x00000514                Reserved39_IRQHandler
                0x00000514                SPI1_IRQHandler
                0x00000514                DefaultISR
                0x00000514                PORTD_IRQHandler
                0x00000514                TPM2_IRQHandler
                0x00000514                RTC_IRQHandler
                0x00000514                I2C0_IRQHandler
                0x00000514                RTC_Seconds_IRQHandler
                0x00000514                MCG_IRQHandler
                0x00000514                UART2_IRQHandler
                0x00000514                Reserved20_IRQHandler
                0x00000514                USB0_IRQHandler
                0x00000514                PIT_IRQHandler
                0x00000514                SVC_Handler
                0x00000514                DMA3_IRQHandler
                0x00000514                DMA0_IRQHandler
                0x00000514                DAC0_IRQHandler
                0x00000514                Reserved45_IRQHandler
                0x00000514                TPM1_IRQHandler
                0x00000514                LVD_LVW_IRQHandler
                0x00000514                SPI0_IRQHandler
                0x00000514                PORTA_IRQHandler
                0x00000514                FTFA_IRQHandler
                0x00000514                LPTMR0_IRQHandler
                0x00000514                CMP0_IRQHandler
                0x00000514                DMA1_IRQHandler
 .text          0x0000051c       0xc0 c:/freescale/kds_v3/toolchain/bin/../lib/gcc/arm-none-eabi/4.8.4/armv6-m\libgcc.a(_divsi3.o)
                0x0000051c                __divsi3
                0x0000051c                __aeabi_idiv
                0x000005c8                __aeabi_idivmod
 .text          0x000005dc        0x4 c:/freescale/kds_v3/toolchain/bin/../lib/gcc/arm-none-eabi/4.8.4/armv6-m\libgcc.a(_dvmd_tls.o)
                0x000005dc                __aeabi_idiv0
                0x000005dc                __aeabi_ldiv0
 .text          0x000005e0      0xa34 c:/freescale/kds_v3/toolchain/bin/../lib/gcc/arm-none-eabi/4.8.4/armv6-m\libgcc.a(unwind-arm.o)
                0x000008b8                _Unwind_GetCFA
                0x000008bc                __gnu_Unwind_RaiseException
                0x0000090c                __gnu_Unwind_ForcedUnwind
                0x00000920                __gnu_Unwind_Resume
                0x00000968                __gnu_Unwind_Resume_or_Rethrow
                0x00000984                _Unwind_Complete
                0x00000988                _Unwind_DeleteException
                0x00000998                _Unwind_VRS_Get
                0x000009e4                _Unwind_VRS_Set
                0x00000a34                __gnu_Unwind_Backtrace
                0x00000d8c                __aeabi_unwind_cpp_pr0
                0x00000d98                __aeabi_unwind_cpp_pr1
                0x00000da4                __aeabi_unwind_cpp_pr2
                0x00000db0                _Unwind_VRS_Pop
 .text          0x00001014      0x144 c:/freescale/kds_v3/toolchain/bin/../lib/gcc/arm-none-eabi/4.8.4/armv6-m\libgcc.a(libunwind.o)
                0x00001014                __restore_core_regs
                0x00001014                restore_core_regs
                0x00001040                __gnu_Unwind_Restore_VFP
                0x00001044                __gnu_Unwind_Save_VFP
                0x00001048                __gnu_Unwind_Restore_VFP_D
                0x0000104c                __gnu_Unwind_Save_VFP_D
                0x00001050                __gnu_Unwind_Restore_VFP_D_16_to_31
                0x00001054                __gnu_Unwind_Save_VFP_D_16_to_31
                0x00001058                __gnu_Unwind_Restore_WMMXD
                0x0000105c                __gnu_Unwind_Save_WMMXD
                0x00001060                __gnu_Unwind_Restore_WMMXC
                0x00001064                __gnu_Unwind_Save_WMMXC
                0x00001068                ___Unwind_RaiseException
                0x00001068                _Unwind_RaiseException
                0x00001098                _Unwind_Resume
                0x00001098                ___Unwind_Resume
                0x000010c8                _Unwind_Resume_or_Rethrow
                0x000010c8                ___Unwind_Resume_or_Rethrow
                0x000010f8                _Unwind_ForcedUnwind
                0x000010f8                ___Unwind_ForcedUnwind
                0x00001128                ___Unwind_Backtrace
                0x00001128                _Unwind_Backtrace
 .text          0x00001158      0x3a4 c:/freescale/kds_v3/toolchain/bin/../lib/gcc/arm-none-eabi/4.8.4/armv6-m\libgcc.a(pr-support.o)
                0x000011ac                __gnu_unwind_execute
                0x000014a4                __gnu_unwind_frame
                0x000014cc                _Unwind_GetRegionStart
                0x000014d8                _Unwind_GetLanguageSpecificData
                0x000014ec                _Unwind_GetDataRelBase
                0x000014f4                _Unwind_GetTextRelBase
 *(.text*)
 .text._ZN24mkl_KeyboardParallelPortC2E8gpio_PinS0_S0_S0_S0_S0_S0_S0_
                0x000014fc      0x22c ./Sources/teclado/mkl_KeyboardParallelPort.o
                0x000014fc                mkl_KeyboardParallelPort::mkl_KeyboardParallelPort(gpio_Pin, gpio_Pin, gpio_Pin, gpio_Pin, gpio_Pin, gpio_Pin, gpio_Pin, gpio_Pin)
                0x000014fc                mkl_KeyboardParallelPort::mkl_KeyboardParallelPort(gpio_Pin, gpio_Pin, gpio_Pin, gpio_Pin, gpio_Pin, gpio_Pin, gpio_Pin, gpio_Pin)
 .text._ZN24mkl_KeyboardParallelPort6updateEv
                0x00001728      0x3d0 ./Sources/teclado/mkl_KeyboardParallelPort.o
                0x00001728                mkl_KeyboardParallelPort::update()
 .text._ZN24mkl_KeyboardParallelPort12keyIsPressedEv
                0x00001af8       0x2c ./Sources/teclado/mkl_KeyboardParallelPort.o
                0x00001af8                mkl_KeyboardParallelPort::keyIsPressed()
 .text._ZN24mkl_KeyboardParallelPort6getKeyEv
                0x00001b24       0x18 ./Sources/teclado/mkl_KeyboardParallelPort.o
                0x00001b24                mkl_KeyboardParallelPort::getKey()
 .text._ZN16CozimentoServiceC2Ev
                0x00001b3c       0x24 ./Sources/servicos/Cozimento.o
                0x00001b3c                CozimentoService::CozimentoService()
                0x00001b3c                CozimentoService::CozimentoService()
 .text._ZN16CozimentoService9doServiceEP11registradorS1_S1_S1_
                0x00001b60      0x128 ./Sources/servicos/Cozimento.o
                0x00001b60                CozimentoService::doService(registrador*, registrador*, registrador*, registrador*)
 .text._ZN16CozimentoService13selectServiceEv
                0x00001c88       0x4c ./Sources/servicos/Cozimento.o
                0x00001c88                CozimentoService::selectService()
 .text._ZN16CozimentoService12machineStateEcb
                0x00001cd4       0xbc ./Sources/servicos/Cozimento.o
                0x00001cd4                CozimentoService::machineState(char, bool)
 .text._ZN11controladorC2Ev
                0x00001d90       0x30 ./Sources/servicos/EditService.o
                0x00001d90                controlador::controlador()
                0x00001d90                controlador::controlador()
 .text._ZN11controlador7maq_estEbb
                0x00001dc0       0x8c ./Sources/servicos/EditService.o
                0x00001dc0                controlador::maq_est(bool, bool)
 .text._ZN11controlador14select_serviceEv
                0x00001e4c       0x54 ./Sources/servicos/EditService.o
                0x00001e4c                controlador::select_service()
 .text._ZN11controlador10do_serviceEP11registradorS1_S1_S1_i
                0x00001ea0       0xb4 ./Sources/servicos/EditService.o
                0x00001ea0                controlador::do_service(registrador*, registrador*, registrador*, registrador*, int)
 .text._ZN16IncrementServiceC2Ev
                0x00001f54       0x24 ./Sources/servicos/IncrementService.o
                0x00001f54                IncrementService::IncrementService()
                0x00001f54                IncrementService::IncrementService()
 .text._ZN16IncrementService16recebeIncrementoEP11registradorS1_S1_S1_
                0x00001f78      0x15c ./Sources/servicos/IncrementService.o
                0x00001f78                IncrementService::recebeIncremento(registrador*, registrador*, registrador*, registrador*)
 .text._ZN16IncrementService9doServiceEP11registradorS1_S1_S1_
                0x000020d4       0x68 ./Sources/servicos/IncrementService.o
                0x000020d4                IncrementService::doService(registrador*, registrador*, registrador*, registrador*)
 .text._ZN16IncrementService13selectServiceEv
                0x0000213c       0x4c ./Sources/servicos/IncrementService.o
                0x0000213c                IncrementService::selectService()
 .text._ZN16IncrementService12machineStateEbbb
                0x00002188       0xb8 ./Sources/servicos/IncrementService.o
                0x00002188                IncrementService::machineState(bool, bool, bool)
 .text._ZN15displaySegmentsC2E8gpio_PinS0_S0_S0_S0_S0_S0_S0_S0_S0_S0_
                0x00002240      0x2f8 ./Sources/dispositivos/displaySegments.o
                0x00002240                displaySegments::displaySegments(gpio_Pin, gpio_Pin, gpio_Pin, gpio_Pin, gpio_Pin, gpio_Pin, gpio_Pin, gpio_Pin, gpio_Pin, gpio_Pin, gpio_Pin)
                0x00002240                displaySegments::displaySegments(gpio_Pin, gpio_Pin, gpio_Pin, gpio_Pin, gpio_Pin, gpio_Pin, gpio_Pin, gpio_Pin, gpio_Pin, gpio_Pin, gpio_Pin)
 .text._ZN15displaySegments13seta_segmentoEi
                0x00002538      0x3a8 ./Sources/dispositivos/displaySegments.o
                0x00002538                displaySegments::seta_segmento(int)
 .text._ZN15displaySegments6digitoEii
                0x000028e0       0xf8 ./Sources/dispositivos/displaySegments.o
                0x000028e0                displaySegments::digito(int, int)
 .text._ZN15displaySegments8monitoraEiiii
                0x000029d8       0x90 ./Sources/dispositivos/displaySegments.o
                0x000029d8                displaySegments::monitora(int, int, int, int)
 .text._Z41__static_initialization_and_destruction_0ii
                0x00002a68       0x30 ./Sources/dispositivos/displaySegments.o
 .text._GLOBAL__sub_I_tpm
                0x00002a98       0x18 ./Sources/dispositivos/displaySegments.o
 .text._ZN7switcheC2E8gpio_Pin
                0x00002ab0       0x5c ./Sources/dispositivos/switch.o
                0x00002ab0                switche::switche(gpio_Pin)
                0x00002ab0                switche::switche(gpio_Pin)
 .text._ZN7switche4readEv
                0x00002b0c       0x1c ./Sources/dispositivos/switch.o
                0x00002b0c                switche::read()
 .text._ZN7switche4isOnEv
                0x00002b28       0x84 ./Sources/dispositivos/switch.o
                0x00002b28                switche::isOn()
 .text._ZN11registradorC2Ei
                0x00002bac       0x18 ./Sources/digitais/registrador.o
                0x00002bac                registrador::registrador(int)
                0x00002bac                registrador::registrador(int)
 .text._ZN11registrador8atualizaEi
                0x00002bc4       0x18 ./Sources/digitais/registrador.o
                0x00002bc4                registrador::atualiza(int)
 .text._ZN11registrador7leValorEv
                0x00002bdc       0x14 ./Sources/digitais/registrador.o
                0x00002bdc                registrador::leValor()
 .text.UART0_IRQHandler
                0x00002bf0       0x20 ./Sources/main.o
                0x00002bf0                UART0_IRQHandler
 .text.SysTick_Handler
                0x00002c10       0x44 ./Sources/main.o
                0x00002c10                SysTick_Handler
 .text._Z14setupBluetoothv
                0x00002c54       0x28 ./Sources/main.o
                0x00002c54                setupBluetooth()
 .text.main     0x00002c7c      0x160 ./Sources/main.o
                0x00002c7c                main
 .text._Z41__static_initialization_and_destruction_0ii
                0x00002ddc      0x16c ./Sources/main.o
 .text._GLOBAL__sub_I_bt
                0x00002f48       0x18 ./Sources/main.o
 .text.SystemInit
                0x00002f60       0x18 ./Project_Settings/Startup_Code/system_MKL25Z4.o
                0x00002f60                SystemInit
 .text._ZN22mkl_HC06BluetoothSlaveC2E12uart_PinTx_t12uart_PinRx_t
                0x00002f78       0xec ./Includes/mkl_HC06BluetoothSlave.o
                0x00002f78                mkl_HC06BluetoothSlave::mkl_HC06BluetoothSlave(uart_PinTx_t, uart_PinRx_t)
                0x00002f78                mkl_HC06BluetoothSlave::mkl_HC06BluetoothSlave(uart_PinTx_t, uart_PinRx_t)
 .text._ZN22mkl_HC06BluetoothSlave12receive8BitsEv
                0x00003064       0x1c ./Includes/mkl_HC06BluetoothSlave.o
                0x00003064                mkl_HC06BluetoothSlave::receive8Bits()
 .text.NVIC_EnableIRQ
                0x00003080       0x2c ./Includes/mkl_UARTInterrupt.o
 .text.NVIC_SetPriority
                0x000030ac       0xe0 ./Includes/mkl_UARTInterrupt.o
 .text._ZN17mkl_UARTInterruptC2Ev
                0x0000318c       0x14 ./Includes/mkl_UARTInterrupt.o
                0x0000318c                mkl_UARTInterrupt::mkl_UARTInterrupt()
                0x0000318c                mkl_UARTInterrupt::mkl_UARTInterrupt()
 .text._ZN17mkl_UARTInterrupt11setPriorityE15uart_Priority_t
                0x000031a0       0x30 ./Includes/mkl_UARTInterrupt.o
                0x000031a0                mkl_UARTInterrupt::setPriority(uart_Priority_t)
 .text._ZN17mkl_UARTInterrupt16setInterruptModeE20uart_InterruptMode_t
                0x000031d0       0x28 ./Includes/mkl_UARTInterrupt.o
                0x000031d0                mkl_UARTInterrupt::setInterruptMode(uart_InterruptMode_t)
 .text._ZN17mkl_UARTInterrupt15enableInterruptEv
                0x000031f8       0x1c ./Includes/mkl_UARTInterrupt.o
                0x000031f8                mkl_UARTInterrupt::enableInterrupt()
 .text._ZN12mkl_UARTPortC2Ev
                0x00003214       0x14 ./Includes/mkl_UARTPort.o
                0x00003214                mkl_UARTPort::mkl_UARTPort()
                0x00003214                mkl_UARTPort::mkl_UARTPort()
 .text._ZN12mkl_UARTPortC2E12uart_PinTx_t12uart_PinRx_t
                0x00003228      0x550 ./Includes/mkl_UARTPort.o
                0x00003228                mkl_UARTPort::mkl_UARTPort(uart_PinTx_t, uart_PinRx_t)
                0x00003228                mkl_UARTPort::mkl_UARTPort(uart_PinTx_t, uart_PinRx_t)
 .text._ZN12mkl_UARTPort8setFrameE17uart_LengthData_t13uart_Parity_t14uart_StopBit_t14uart_FistBit_t
                0x00003778      0x1b0 ./Includes/mkl_UARTPort.o
                0x00003778                mkl_UARTPort::setFrame(uart_LengthData_t, uart_Parity_t, uart_StopBit_t, uart_FistBit_t)
 .text._ZN12mkl_UARTPort11setBaudRateEt
                0x00003928       0x90 ./Includes/mkl_UARTPort.o
                0x00003928                mkl_UARTPort::setBaudRate(unsigned short)
 .text._ZN12mkl_UARTPort12receiveNBitsEv
                0x000039b8       0x84 ./Includes/mkl_UARTPort.o
                0x000039b8                mkl_UARTPort::receiveNBits()
 .text.abort    0x00003a3c        0xe c:/freescale/kds_v3/toolchain/bin/../lib/gcc/arm-none-eabi/4.8.4/../../../../arm-none-eabi/lib/armv6-m\libg_s.a(lib_a-abort.o)
                0x00003a3c                abort
 *fill*         0x00003a4a        0x2 
 .text.exit     0x00003a4c       0x2c c:/freescale/kds_v3/toolchain/bin/../lib/gcc/arm-none-eabi/4.8.4/../../../../arm-none-eabi/lib/armv6-m\libg_s.a(lib_a-exit.o)
                0x00003a4c                exit
 .text.__libc_init_array
                0x00003a78       0x4c c:/freescale/kds_v3/toolchain/bin/../lib/gcc/arm-none-eabi/4.8.4/../../../../arm-none-eabi/lib/armv6-m\libg_s.a(lib_a-init.o)
                0x00003a78                __libc_init_array
 .text.memcpy   0x00003ac4       0x12 c:/freescale/kds_v3/toolchain/bin/../lib/gcc/arm-none-eabi/4.8.4/../../../../arm-none-eabi/lib/armv6-m\libg_s.a(lib_a-memcpy-stub.o)
                0x00003ac4                memcpy
 .text.memset   0x00003ad6       0x10 c:/freescale/kds_v3/toolchain/bin/../lib/gcc/arm-none-eabi/4.8.4/../../../../arm-none-eabi/lib/armv6-m\libg_s.a(lib_a-memset.o)
                0x00003ad6                memset
 .text._raise_r
                0x00003ae6       0x56 c:/freescale/kds_v3/toolchain/bin/../lib/gcc/arm-none-eabi/4.8.4/../../../../arm-none-eabi/lib/armv6-m\libg_s.a(lib_a-signal.o)
                0x00003ae6                _raise_r
 .text.raise    0x00003b3c       0x14 c:/freescale/kds_v3/toolchain/bin/../lib/gcc/arm-none-eabi/4.8.4/../../../../arm-none-eabi/lib/armv6-m\libg_s.a(lib_a-signal.o)
                0x00003b3c                raise
 .text._kill_r  0x00003b50       0x24 c:/freescale/kds_v3/toolchain/bin/../lib/gcc/arm-none-eabi/4.8.4/../../../../arm-none-eabi/lib/armv6-m\libg_s.a(lib_a-signalr.o)
                0x00003b50                _kill_r
 .text._getpid_r
                0x00003b74        0x8 c:/freescale/kds_v3/toolchain/bin/../lib/gcc/arm-none-eabi/4.8.4/../../../../arm-none-eabi/lib/armv6-m\libg_s.a(lib_a-signalr.o)
                0x00003b74                _getpid_r
 .text._getpid  0x00003b7c       0x10 c:/freescale/kds_v3/toolchain/bin/../lib/gcc/arm-none-eabi/4.8.4/../../../../arm-none-eabi/lib/armv6-m\libnosys.a(getpid.o)
                0x00003b7c                _getpid
 .text._kill    0x00003b8c       0x10 c:/freescale/kds_v3/toolchain/bin/../lib/gcc/arm-none-eabi/4.8.4/../../../../arm-none-eabi/lib/armv6-m\libnosys.a(kill.o)
                0x00003b8c                _kill
 .text._exit    0x00003b9c        0x4 c:/freescale/kds_v3/toolchain/bin/../lib/gcc/arm-none-eabi/4.8.4/../../../../arm-none-eabi/lib/armv6-m\libnosys.a(_exit.o)
                0x00003b9c                _exit
 *(.rodata)
 *(.rodata*)
 .rodata._ZN16CozimentoService12machineStateEcb
                0x00003ba0       0x14 ./Sources/servicos/Cozimento.o
 .rodata._ZN11controlador7maq_estEbb
                0x00003bb4       0x18 ./Sources/servicos/EditService.o
 .rodata._ZN16IncrementService12machineStateEbbb
                0x00003bcc       0x14 ./Sources/servicos/IncrementService.o
 .rodata.str1.1
                0x00003be0        0x2 c:/freescale/kds_v3/toolchain/bin/../lib/gcc/arm-none-eabi/4.8.4/../../../../arm-none-eabi/lib/armv6-m\libg_s.a(lib_a-impure.o)
 *fill*         0x00003be2        0x2 
 .rodata._global_impure_ptr
                0x00003be4        0x4 c:/freescale/kds_v3/toolchain/bin/../lib/gcc/arm-none-eabi/4.8.4/../../../../arm-none-eabi/lib/armv6-m\libg_s.a(lib_a-impure.o)
                0x00003be4                _global_impure_ptr
 *(.glue_7)
 .glue_7        0x00000000        0x0 linker stubs
 *(.glue_7t)
 .glue_7t       0x00000000        0x0 linker stubs
 *(.eh_frame)
 .eh_frame      0x00003be8        0x0 c:/freescale/kds_v3/toolchain/bin/../lib/gcc/arm-none-eabi/4.8.4/armv6-m/crtbegin.o
 *(.init)
 .init          0x00003be8        0x4 c:/freescale/kds_v3/toolchain/bin/../lib/gcc/arm-none-eabi/4.8.4/armv6-m/crti.o
                0x00003be8                _init
 .init          0x00003bec        0x8 c:/freescale/kds_v3/toolchain/bin/../lib/gcc/arm-none-eabi/4.8.4/armv6-m/crtn.o
 *(.fini)
 .fini          0x00003bf4        0x4 c:/freescale/kds_v3/toolchain/bin/../lib/gcc/arm-none-eabi/4.8.4/armv6-m/crti.o
                0x00003bf4                _fini
 .fini          0x00003bf8        0x8 c:/freescale/kds_v3/toolchain/bin/../lib/gcc/arm-none-eabi/4.8.4/armv6-m/crtn.o
                0x00003c00                . = ALIGN (0x4)

.vfp11_veneer   0x00003c00        0x0
 .vfp11_veneer  0x00000000        0x0 linker stubs

.v4_bx          0x00003c00        0x0
 .v4_bx         0x00000000        0x0 linker stubs

.iplt           0x00003c00        0x0
 .iplt          0x00000000        0x0 c:/freescale/kds_v3/toolchain/bin/../lib/gcc/arm-none-eabi/4.8.4/armv6-m/crtbegin.o

.ARM.extab      0x00003c00      0x150
 *(.ARM.extab* .gnu.linkonce.armextab.*)
 .ARM.extab.text._ZN24mkl_KeyboardParallelPortC2E8gpio_PinS0_S0_S0_S0_S0_S0_S0_
                0x00003c00        0xc ./Sources/teclado/mkl_KeyboardParallelPort.o
 .ARM.extab.text._ZN24mkl_KeyboardParallelPort6updateEv
                0x00003c0c        0xc ./Sources/teclado/mkl_KeyboardParallelPort.o
 .ARM.extab.text._ZN16CozimentoService9doServiceEP11registradorS1_S1_S1_
                0x00003c18        0xc ./Sources/servicos/Cozimento.o
 .ARM.extab.text._ZN11controlador10do_serviceEP11registradorS1_S1_S1_i
                0x00003c24        0xc ./Sources/servicos/EditService.o
 .ARM.extab.text._ZN16IncrementService16recebeIncrementoEP11registradorS1_S1_S1_
                0x00003c30        0xc ./Sources/servicos/IncrementService.o
 .ARM.extab.text._ZN16IncrementService9doServiceEP11registradorS1_S1_S1_
                0x00003c3c        0xc ./Sources/servicos/IncrementService.o
 .ARM.extab.text._ZN15displaySegmentsC2E8gpio_PinS0_S0_S0_S0_S0_S0_S0_S0_S0_S0_
                0x00003c48        0xc ./Sources/dispositivos/displaySegments.o
 .ARM.extab.text._ZN15displaySegments13seta_segmentoEi
                0x00003c54        0xc ./Sources/dispositivos/displaySegments.o
 .ARM.extab.text._ZN15displaySegments6digitoEii
                0x00003c60        0xc ./Sources/dispositivos/displaySegments.o
 .ARM.extab.text._ZN15displaySegments8monitoraEiiii
                0x00003c6c        0xc ./Sources/dispositivos/displaySegments.o
 .ARM.extab.text._ZN7switcheC2E8gpio_Pin
                0x00003c78        0xc ./Sources/dispositivos/switch.o
 .ARM.extab.text._ZN7switche4readEv
                0x00003c84        0xc ./Sources/dispositivos/switch.o
 .ARM.extab.text._ZN7switche4isOnEv
                0x00003c90        0xc ./Sources/dispositivos/switch.o
 .ARM.extab.text._ZN22mkl_HC06BluetoothSlaveC2E12uart_PinTx_t12uart_PinRx_t
                0x00003c9c        0xc ./Includes/mkl_HC06BluetoothSlave.o
 .ARM.extab.text._ZN22mkl_HC06BluetoothSlave12receive8BitsEv
                0x00003ca8        0xc ./Includes/mkl_HC06BluetoothSlave.o
 .ARM.extab     0x00003cb4       0x6c c:/freescale/kds_v3/toolchain/bin/../lib/gcc/arm-none-eabi/4.8.4/armv6-m\libgcc.a(unwind-arm.o)
 .ARM.extab     0x00003d20       0x30 c:/freescale/kds_v3/toolchain/bin/../lib/gcc/arm-none-eabi/4.8.4/armv6-m\libgcc.a(pr-support.o)

.ARM            0x00003d50      0x1a8
                0x00003d50                __exidx_start = .
 *(.ARM.exidx*)
 .ARM.exidx     0x00003d50        0x8 c:/freescale/kds_v3/toolchain/bin/../lib/gcc/arm-none-eabi/4.8.4/../../../../arm-none-eabi/lib/armv6-m/crt0.o
 .ARM.exidx.text._ZN24mkl_KeyboardParallelPortC2E8gpio_PinS0_S0_S0_S0_S0_S0_S0_
                0x00003e30        0x8 ./Sources/teclado/mkl_KeyboardParallelPort.o
 .ARM.exidx.text._ZN24mkl_KeyboardParallelPort6updateEv
                0x00003e38        0x8 ./Sources/teclado/mkl_KeyboardParallelPort.o
 .ARM.exidx.text._ZN24mkl_KeyboardParallelPort12keyIsPressedEv
                0x00003e40        0x8 ./Sources/teclado/mkl_KeyboardParallelPort.o
 .ARM.exidx.text._ZN24mkl_KeyboardParallelPort6getKeyEv
                0x00003e48        0x0 ./Sources/teclado/mkl_KeyboardParallelPort.o
                                  0x8 (size before relaxing)
 .ARM.exidx.text._ZN16CozimentoServiceC2Ev
                0x00003e48        0x0 ./Sources/servicos/Cozimento.o
                                  0x8 (size before relaxing)
 .ARM.exidx.text._ZN16CozimentoService9doServiceEP11registradorS1_S1_S1_
                0x00003e48        0x8 ./Sources/servicos/Cozimento.o
 .ARM.exidx.text._ZN16CozimentoService13selectServiceEv
                0x00003e50        0x8 ./Sources/servicos/Cozimento.o
 .ARM.exidx.text._ZN16CozimentoService12machineStateEcb
                0x00003e58        0x0 ./Sources/servicos/Cozimento.o
                                  0x8 (size before relaxing)
 .ARM.exidx.text._ZN11controladorC2Ev
                0x00003e58        0x0 ./Sources/servicos/EditService.o
                                  0x8 (size before relaxing)
 .ARM.exidx.text._ZN11controlador7maq_estEbb
                0x00003e58        0x0 ./Sources/servicos/EditService.o
                                  0x8 (size before relaxing)
 .ARM.exidx.text._ZN11controlador14select_serviceEv
                0x00003e58        0x0 ./Sources/servicos/EditService.o
                                  0x8 (size before relaxing)
 .ARM.exidx.text._ZN11controlador10do_serviceEP11registradorS1_S1_S1_i
                0x00003e58        0x8 ./Sources/servicos/EditService.o
 .ARM.exidx.text._ZN16IncrementServiceC2Ev
                0x00003e60        0x8 ./Sources/servicos/IncrementService.o
 .ARM.exidx.text._ZN16IncrementService16recebeIncrementoEP11registradorS1_S1_S1_
                0x00003e68        0x8 ./Sources/servicos/IncrementService.o
 .ARM.exidx.text._ZN16IncrementService9doServiceEP11registradorS1_S1_S1_
                0x00003e70        0x8 ./Sources/servicos/IncrementService.o
 .ARM.exidx.text._ZN16IncrementService13selectServiceEv
                0x00003e78        0x8 ./Sources/servicos/IncrementService.o
 .ARM.exidx.text._ZN16IncrementService12machineStateEbbb
                0x00003e80        0x0 ./Sources/servicos/IncrementService.o
                                  0x8 (size before relaxing)
 .ARM.exidx.text._ZN15displaySegmentsC2E8gpio_PinS0_S0_S0_S0_S0_S0_S0_S0_S0_S0_
                0x00003e80        0x8 ./Sources/dispositivos/displaySegments.o
 .ARM.exidx.text._ZN15displaySegments13seta_segmentoEi
                0x00003e88        0x8 ./Sources/dispositivos/displaySegments.o
 .ARM.exidx.text._ZN15displaySegments6digitoEii
                0x00003e90        0x8 ./Sources/dispositivos/displaySegments.o
 .ARM.exidx.text._ZN15displaySegments8monitoraEiiii
                0x00003e98        0x8 ./Sources/dispositivos/displaySegments.o
 .ARM.exidx.text._Z41__static_initialization_and_destruction_0ii
                0x00003ea0        0x8 ./Sources/dispositivos/displaySegments.o
 .ARM.exidx.text._GLOBAL__sub_I_tpm
                0x00003ea8        0x0 ./Sources/dispositivos/displaySegments.o
                                  0x8 (size before relaxing)
 .ARM.exidx.text._ZN7switcheC2E8gpio_Pin
                0x00003ea8        0x8 ./Sources/dispositivos/switch.o
 .ARM.exidx.text._ZN7switche4readEv
                0x00003eb0        0x8 ./Sources/dispositivos/switch.o
 .ARM.exidx.text._ZN7switche4isOnEv
                0x00003eb8        0x8 ./Sources/dispositivos/switch.o
 .ARM.exidx.text._ZN11registradorC2Ei
                0x00003ec0        0x8 ./Sources/digitais/registrador.o
 .ARM.exidx.text._ZN11registrador8atualizaEi
                0x00003ec8        0x0 ./Sources/digitais/registrador.o
                                  0x8 (size before relaxing)
 .ARM.exidx.text._ZN11registrador7leValorEv
                0x00003ec8        0x0 ./Sources/digitais/registrador.o
                                  0x8 (size before relaxing)
 .ARM.exidx.text.UART0_IRQHandler
                0x00003ec8        0x8 ./Sources/main.o
 .ARM.exidx.text.SysTick_Handler
                0x00003ed0        0x0 ./Sources/main.o
                                  0x8 (size before relaxing)
 .ARM.exidx.text._Z14setupBluetoothv
                0x00003ed0        0x0 ./Sources/main.o
                                  0x8 (size before relaxing)
 .ARM.exidx.text.main
                0x00003ed0        0x8 ./Sources/main.o
 .ARM.exidx.text._Z41__static_initialization_and_destruction_0ii
                0x00003ed8        0x8 ./Sources/main.o
 .ARM.exidx.text._GLOBAL__sub_I_bt
                0x00003ee0        0x0 ./Sources/main.o
                                  0x8 (size before relaxing)
 .ARM.exidx.text._ZN22mkl_HC06BluetoothSlaveC2E12uart_PinTx_t12uart_PinRx_t
                0x00003ee0        0x8 ./Includes/mkl_HC06BluetoothSlave.o
 .ARM.exidx.text._ZN22mkl_HC06BluetoothSlave12receive8BitsEv
                0x00003ee8        0x8 ./Includes/mkl_HC06BluetoothSlave.o
 .ARM.exidx.text.NVIC_EnableIRQ
                0x00003ef0        0x8 ./Includes/mkl_UARTInterrupt.o
 .ARM.exidx.text.NVIC_SetPriority
                0x00003ef8        0x0 ./Includes/mkl_UARTInterrupt.o
                                  0x8 (size before relaxing)
 .ARM.exidx.text._ZN17mkl_UARTInterruptC2Ev
                0x00003ef8        0x0 ./Includes/mkl_UARTInterrupt.o
                                  0x8 (size before relaxing)
 .ARM.exidx.text._ZN17mkl_UARTInterrupt11setPriorityE15uart_Priority_t
                0x00003ef8        0x0 ./Includes/mkl_UARTInterrupt.o
                                  0x8 (size before relaxing)
 .ARM.exidx.text._ZN17mkl_UARTInterrupt16setInterruptModeE20uart_InterruptMode_t
                0x00003ef8        0x0 ./Includes/mkl_UARTInterrupt.o
                                  0x8 (size before relaxing)
 .ARM.exidx.text._ZN17mkl_UARTInterrupt15enableInterruptEv
                0x00003ef8        0x0 ./Includes/mkl_UARTInterrupt.o
                                  0x8 (size before relaxing)
 .ARM.exidx.text._ZN12mkl_UARTPortC2Ev
                0x00003ef8        0x0 ./Includes/mkl_UARTPort.o
                                  0x8 (size before relaxing)
 .ARM.exidx.text._ZN12mkl_UARTPortC2E12uart_PinTx_t12uart_PinRx_t
                0x00003ef8        0x0 ./Includes/mkl_UARTPort.o
                                  0x8 (size before relaxing)
 .ARM.exidx.text._ZN12mkl_UARTPort8setFrameE17uart_LengthData_t13uart_Parity_t14uart_StopBit_t14uart_FistBit_t
                0x00003ef8        0x0 ./Includes/mkl_UARTPort.o
                                  0x8 (size before relaxing)
 .ARM.exidx.text._ZN12mkl_UARTPort11setBaudRateEt
                0x00003ef8        0x0 ./Includes/mkl_UARTPort.o
                                  0x8 (size before relaxing)
 .ARM.exidx.text._ZN12mkl_UARTPort12receiveNBitsEv
                0x00003ef8        0x0 ./Includes/mkl_UARTPort.o
                                  0x8 (size before relaxing)
 .ARM.exidx     0x00003d58       0xa0 c:/freescale/kds_v3/toolchain/bin/../lib/gcc/arm-none-eabi/4.8.4/armv6-m\libgcc.a(unwind-arm.o)
                                 0xd8 (size before relaxing)
 .ARM.exidx     0x00003df8       0x38 c:/freescale/kds_v3/toolchain/bin/../lib/gcc/arm-none-eabi/4.8.4/armv6-m\libgcc.a(pr-support.o)
                                 0x48 (size before relaxing)
                0x00003ef8                __exidx_end = .

.rel.dyn        0x00003ef8        0x0
 .rel.iplt      0x00000000        0x0 c:/freescale/kds_v3/toolchain/bin/../lib/gcc/arm-none-eabi/4.8.4/armv6-m/crtbegin.o

.ctors          0x00003ef8        0x0
                0x00003ef8                __CTOR_LIST__ = .
 *crtbegin.o(.ctors)
 *crtbegin?.o(.ctors)
 *(EXCLUDE_FILE(*crtend.o *crtend?.o) .ctors)
 *(SORT(.ctors.*))
 *(.ctors)
                0x00003ef8                __CTOR_END__ = .

.dtors          0x00003ef8        0x0
                0x00003ef8                __DTOR_LIST__ = .
 *crtbegin.o(.dtors)
 *crtbegin?.o(.dtors)
 *(EXCLUDE_FILE(*crtend.o *crtend?.o) .dtors)
 *(SORT(.dtors.*))
 *(.dtors)
                0x00003ef8                __DTOR_END__ = .

.preinit_array  0x00003ef8        0x0
                0x00003ef8                PROVIDE (__preinit_array_start, .)
 *(.preinit_array*)
                0x00003ef8                PROVIDE (__preinit_array_end, .)

.init_array     0x00003ef8        0xc
                0x00003ef8                PROVIDE (__init_array_start, .)
 *(SORT(.init_array.*))
 *(.init_array*)
 .init_array    0x00003ef8        0x4 c:/freescale/kds_v3/toolchain/bin/../lib/gcc/arm-none-eabi/4.8.4/armv6-m/crtbegin.o
 .init_array    0x00003efc        0x4 ./Sources/dispositivos/displaySegments.o
 .init_array    0x00003f00        0x4 ./Sources/main.o
                0x00003f04                PROVIDE (__init_array_end, .)

.fini_array     0x00003f04        0x4
                0x00003f04                PROVIDE (__fini_array_start, .)
 *(SORT(.fini_array.*))
 *(.fini_array*)
 .fini_array    0x00003f04        0x4 c:/freescale/kds_v3/toolchain/bin/../lib/gcc/arm-none-eabi/4.8.4/armv6-m/crtbegin.o
                0x00003f08                PROVIDE (__fini_array_end, .)
                0x00003f08                __etext = .
                0x00003f08                __DATA_ROM = .

.mtb            0x1ffff000        0x0
                0x1ffff000                . = ALIGN (0x8)
                0x1ffff000                _mtb_start = .
 *(.mtb_buf)
                0x1ffff000                . = ALIGN (0x8)
                0x1ffff000                _mtb_end = .

.data           0x1ffff000       0x6c load address 0x00003f08
                0x1ffff000                . = ALIGN (0x4)
                0x1ffff000                __DATA_RAM = .
                0x1ffff000                __data_start__ = .
 *(.data)
 *(.data*)
 .data.buf      0x1ffff000        0x1 ./Sources/main.o
                0x1ffff000                buf
 .data.aux      0x1ffff001        0x1 ./Sources/main.o
                0x1ffff001                aux
 *fill*         0x1ffff002        0x2 
 .data.impure_data
                0x1ffff004       0x60 c:/freescale/kds_v3/toolchain/bin/../lib/gcc/arm-none-eabi/4.8.4/../../../../arm-none-eabi/lib/armv6-m\libg_s.a(lib_a-impure.o)
 .data._impure_ptr
                0x1ffff064        0x4 c:/freescale/kds_v3/toolchain/bin/../lib/gcc/arm-none-eabi/4.8.4/../../../../arm-none-eabi/lib/armv6-m\libg_s.a(lib_a-impure.o)
                0x1ffff064                _impure_ptr
 *(.jcr*)
 .jcr           0x1ffff068        0x0 c:/freescale/kds_v3/toolchain/bin/../lib/gcc/arm-none-eabi/4.8.4/armv6-m/crtbegin.o
 .jcr           0x1ffff068        0x4 c:/freescale/kds_v3/toolchain/bin/../lib/gcc/arm-none-eabi/4.8.4/armv6-m/crtend.o
                0x1ffff06c                . = ALIGN (0x4)
                0x1ffff06c                __data_end__ = .
                0x00003f74                __DATA_END = (__DATA_ROM + (__data_end__ - __data_start__))

.igot.plt       0x1ffff06c        0x0 load address 0x00003f74
 .igot.plt      0x00000000        0x0 c:/freescale/kds_v3/toolchain/bin/../lib/gcc/arm-none-eabi/4.8.4/armv6-m/crtbegin.o

.bss            0x1ffff06c      0x2ec load address 0x00003f74
                0x1ffff06c                . = ALIGN (0x4)
                0x1ffff06c                __START_BSS = .
                0x1ffff06c                __bss_start__ = .
 *(.bss)
 .bss           0x1ffff06c       0x1c c:/freescale/kds_v3/toolchain/bin/../lib/gcc/arm-none-eabi/4.8.4/armv6-m/crtbegin.o
 *(.bss*)
 .bss.tpm       0x1ffff088       0x1c ./Sources/dispositivos/displaySegments.o
                0x1ffff088                tpm
 .bss.bt        0x1ffff0a4       0x44 ./Sources/main.o
                0x1ffff0a4                bt
 .bss.keyboard  0x1ffff0e8       0xc4 ./Sources/main.o
                0x1ffff0e8                keyboard
 .bss.display   0x1ffff1ac      0x108 ./Sources/main.o
                0x1ffff1ac                display
 .bss.systick   0x1ffff2b4       0x10 ./Sources/main.o
                0x1ffff2b4                systick
 .bss.Us        0x1ffff2c4        0x4 ./Sources/main.o
                0x1ffff2c4                Us
 .bss.Ds        0x1ffff2c8        0x4 ./Sources/main.o
                0x1ffff2c8                Ds
 .bss.Um        0x1ffff2cc        0x4 ./Sources/main.o
                0x1ffff2cc                Um
 .bss.Dm        0x1ffff2d0        0x4 ./Sources/main.o
                0x1ffff2d0                Dm
 .bss.botao3    0x1ffff2d4       0x1c ./Sources/main.o
                0x1ffff2d4                botao3
 .bss.botao7    0x1ffff2f0       0x1c ./Sources/main.o
                0x1ffff2f0                botao7
 .bss.permission
                0x1ffff30c       0x1c ./Sources/main.o
                0x1ffff30c                permission
 .bss.service_edit
                0x1ffff328        0xc ./Sources/main.o
                0x1ffff328                service_edit
 .bss.service_inc
                0x1ffff334        0xc ./Sources/main.o
                0x1ffff334                service_inc
 .bss.service_coz
                0x1ffff340        0xc ./Sources/main.o
                0x1ffff340                service_coz
 .bss.key       0x1ffff34c        0x1 ./Sources/main.o
                0x1ffff34c                key
 *fill*         0x1ffff34d        0x3 
 .bss.valor     0x1ffff350        0x4 ./Sources/main.o
                0x1ffff350                valor
 *(COMMON)
 COMMON         0x1ffff354        0x4 c:/freescale/kds_v3/toolchain/bin/../lib/gcc/arm-none-eabi/4.8.4/../../../../arm-none-eabi/lib/armv6-m\libg_s.a(lib_a-reent.o)
                0x1ffff354                errno
                0x1ffff358                . = ALIGN (0x4)
                0x1ffff358                __bss_end__ = .
                0x1ffff358                __END_BSS = .

.heap           0x1ffff358      0x400 load address 0x00004260
                0x1ffff358                . = ALIGN (0x8)
                0x1ffff358                __end__ = .
                0x1ffff358                PROVIDE (end, .)
                0x1ffff358                __HeapBase = .
                0x1ffff758                . = (. + HEAP_SIZE)
 *fill*         0x1ffff358      0x400 
                0x1ffff758                __HeapLimit = .

.stack          0x1ffff758      0x400 load address 0x00004660
                0x1ffff758                . = ALIGN (0x8)
                0x1ffffb58                . = (. + STACK_SIZE)
 *fill*         0x1ffff758      0x400 
                0x20003000                __StackTop = (ORIGIN (m_data) + 0x4000)
                0x20002c00                __StackLimit = (__StackTop - STACK_SIZE)
                0x20003000                PROVIDE (__stack, __StackTop)

.ARM.attributes
                0x00000000       0x28
 *(.ARM.attributes)
 .ARM.attributes
                0x00000000       0x1e c:/freescale/kds_v3/toolchain/bin/../lib/gcc/arm-none-eabi/4.8.4/armv6-m/crti.o
 .ARM.attributes
                0x0000001e       0x2c c:/freescale/kds_v3/toolchain/bin/../lib/gcc/arm-none-eabi/4.8.4/armv6-m/crtbegin.o
 .ARM.attributes
                0x0000004a       0x1b c:/freescale/kds_v3/toolchain/bin/../lib/gcc/arm-none-eabi/4.8.4/../../../../arm-none-eabi/lib/armv6-m/crt0.o
 .ARM.attributes
                0x00000065       0x32 ./Sources/teclado/mkl_KeyboardParallelPort.o
 .ARM.attributes
                0x00000097       0x32 ./Sources/servicos/Cozimento.o
 .ARM.attributes
                0x000000c9       0x32 ./Sources/servicos/EditService.o
 .ARM.attributes
                0x000000fb       0x32 ./Sources/servicos/IncrementService.o
 .ARM.attributes
                0x0000012d       0x32 ./Sources/dispositivos/displaySegments.o
 .ARM.attributes
                0x0000015f       0x32 ./Sources/dispositivos/switch.o
 .ARM.attributes
                0x00000191       0x32 ./Sources/digitais/registrador.o
 .ARM.attributes
                0x000001c3       0x32 ./Sources/main.o
 .ARM.attributes
                0x000001f5       0x1b ./Project_Settings/Startup_Code/startup_MKL25Z4.o
 .ARM.attributes
                0x00000210       0x32 ./Project_Settings/Startup_Code/system_MKL25Z4.o
 .ARM.attributes
                0x00000242       0x32 ./Includes/mkl_HC06BluetoothSlave.o
 .ARM.attributes
                0x00000274       0x32 ./Includes/mkl_UARTInterrupt.o
 .ARM.attributes
                0x000002a6       0x32 ./Includes/mkl_UARTPort.o
 .ARM.attributes
                0x000002d8       0x1e c:/freescale/kds_v3/toolchain/bin/../lib/gcc/arm-none-eabi/4.8.4/armv6-m\libgcc.a(_divsi3.o)
 .ARM.attributes
                0x000002f6       0x1e c:/freescale/kds_v3/toolchain/bin/../lib/gcc/arm-none-eabi/4.8.4/armv6-m\libgcc.a(_dvmd_tls.o)
 .ARM.attributes
                0x00000314       0x2c c:/freescale/kds_v3/toolchain/bin/../lib/gcc/arm-none-eabi/4.8.4/../../../../arm-none-eabi/lib/armv6-m\libg_s.a(lib_a-exit.o)
 .ARM.attributes
                0x00000340       0x2c c:/freescale/kds_v3/toolchain/bin/../lib/gcc/arm-none-eabi/4.8.4/../../../../arm-none-eabi/lib/armv6-m\libg_s.a(lib_a-impure.o)
 .ARM.attributes
                0x0000036c       0x2c c:/freescale/kds_v3/toolchain/bin/../lib/gcc/arm-none-eabi/4.8.4/../../../../arm-none-eabi/lib/armv6-m\libg_s.a(lib_a-init.o)
 .ARM.attributes
                0x00000398       0x2c c:/freescale/kds_v3/toolchain/bin/../lib/gcc/arm-none-eabi/4.8.4/../../../../arm-none-eabi/lib/armv6-m\libg_s.a(lib_a-memcpy-stub.o)
 .ARM.attributes
                0x000003c4       0x2c c:/freescale/kds_v3/toolchain/bin/../lib/gcc/arm-none-eabi/4.8.4/../../../../arm-none-eabi/lib/armv6-m\libg_s.a(lib_a-memset.o)
 .ARM.attributes
                0x000003f0       0x2c c:/freescale/kds_v3/toolchain/bin/../lib/gcc/arm-none-eabi/4.8.4/../../../../arm-none-eabi/lib/armv6-m\libnosys.a(_exit.o)
 .ARM.attributes
                0x0000041c       0x2c c:/freescale/kds_v3/toolchain/bin/../lib/gcc/arm-none-eabi/4.8.4/armv6-m/crtend.o
 .ARM.attributes
                0x00000448       0x1e c:/freescale/kds_v3/toolchain/bin/../lib/gcc/arm-none-eabi/4.8.4/armv6-m/crtn.o
                0x00000001                ASSERT ((__StackLimit >= __HeapLimit), region m_data overflowed with stack and heap)
OUTPUT(teclado.elf elf32-littlearm)

.debug_info     0x00000000     0x56f9
 .debug_info    0x00000000      0x6b9 ./Sources/teclado/mkl_KeyboardParallelPort.o
 .debug_info    0x000006b9      0x2c2 ./Sources/servicos/Cozimento.o
 .debug_info    0x0000097b      0x2d4 ./Sources/servicos/EditService.o
 .debug_info    0x00000c4f      0x358 ./Sources/servicos/IncrementService.o
 .debug_info    0x00000fa7      0xb29 ./Sources/dispositivos/displaySegments.o
 .debug_info    0x00001ad0      0x577 ./Sources/dispositivos/switch.o
 .debug_info    0x00002047      0x154 ./Sources/digitais/registrador.o
 .debug_info    0x0000219b     0x17a7 ./Sources/main.o
 .debug_info    0x00003942       0x9b ./Project_Settings/Startup_Code/startup_MKL25Z4.o
 .debug_info    0x000039dd      0x3ed ./Project_Settings/Startup_Code/system_MKL25Z4.o
 .debug_info    0x00003dca      0xa8c ./Includes/mkl_HC06BluetoothSlave.o
 .debug_info    0x00004856      0x745 ./Includes/mkl_UARTInterrupt.o
 .debug_info    0x00004f9b      0x75e ./Includes/mkl_UARTPort.o

.debug_abbrev   0x00000000     0x1696
 .debug_abbrev  0x00000000      0x1ca ./Sources/teclado/mkl_KeyboardParallelPort.o
 .debug_abbrev  0x000001ca      0x1a0 ./Sources/servicos/Cozimento.o
 .debug_abbrev  0x0000036a      0x197 ./Sources/servicos/EditService.o
 .debug_abbrev  0x00000501      0x1af ./Sources/servicos/IncrementService.o
 .debug_abbrev  0x000006b0      0x269 ./Sources/dispositivos/displaySegments.o
 .debug_abbrev  0x00000919      0x1cb ./Sources/dispositivos/switch.o
 .debug_abbrev  0x00000ae4      0x139 ./Sources/digitais/registrador.o
 .debug_abbrev  0x00000c1d      0x2a1 ./Sources/main.o
 .debug_abbrev  0x00000ebe       0x14 ./Project_Settings/Startup_Code/startup_MKL25Z4.o
 .debug_abbrev  0x00000ed2      0x109 ./Project_Settings/Startup_Code/system_MKL25Z4.o
 .debug_abbrev  0x00000fdb      0x25d ./Includes/mkl_HC06BluetoothSlave.o
 .debug_abbrev  0x00001238      0x26e ./Includes/mkl_UARTInterrupt.o
 .debug_abbrev  0x000014a6      0x1f0 ./Includes/mkl_UARTPort.o

.debug_aranges  0x00000000      0x358
 .debug_aranges
                0x00000000       0x38 ./Sources/teclado/mkl_KeyboardParallelPort.o
 .debug_aranges
                0x00000038       0x38 ./Sources/servicos/Cozimento.o
 .debug_aranges
                0x00000070       0x38 ./Sources/servicos/EditService.o
 .debug_aranges
                0x000000a8       0x40 ./Sources/servicos/IncrementService.o
 .debug_aranges
                0x000000e8       0x48 ./Sources/dispositivos/displaySegments.o
 .debug_aranges
                0x00000130       0x30 ./Sources/dispositivos/switch.o
 .debug_aranges
                0x00000160       0x30 ./Sources/digitais/registrador.o
 .debug_aranges
                0x00000190       0x48 ./Sources/main.o
 .debug_aranges
                0x000001d8       0x20 ./Project_Settings/Startup_Code/startup_MKL25Z4.o
 .debug_aranges
                0x000001f8       0x28 ./Project_Settings/Startup_Code/system_MKL25Z4.o
 .debug_aranges
                0x00000220       0x50 ./Includes/mkl_HC06BluetoothSlave.o
 .debug_aranges
                0x00000270       0x70 ./Includes/mkl_UARTInterrupt.o
 .debug_aranges
                0x000002e0       0x78 ./Includes/mkl_UARTPort.o

.debug_ranges   0x00000000      0x278
 .debug_ranges  0x00000000       0x28 ./Sources/teclado/mkl_KeyboardParallelPort.o
 .debug_ranges  0x00000028       0x28 ./Sources/servicos/Cozimento.o
 .debug_ranges  0x00000050       0x28 ./Sources/servicos/EditService.o
 .debug_ranges  0x00000078       0x30 ./Sources/servicos/IncrementService.o
 .debug_ranges  0x000000a8       0x38 ./Sources/dispositivos/displaySegments.o
 .debug_ranges  0x000000e0       0x20 ./Sources/dispositivos/switch.o
 .debug_ranges  0x00000100       0x20 ./Sources/digitais/registrador.o
 .debug_ranges  0x00000120       0x38 ./Sources/main.o
 .debug_ranges  0x00000158       0x18 ./Project_Settings/Startup_Code/system_MKL25Z4.o
 .debug_ranges  0x00000170       0x40 ./Includes/mkl_HC06BluetoothSlave.o
 .debug_ranges  0x000001b0       0x60 ./Includes/mkl_UARTInterrupt.o
 .debug_ranges  0x00000210       0x68 ./Includes/mkl_UARTPort.o

.debug_macro    0x00000000     0xb220
 .debug_macro   0x00000000       0x9f ./Sources/teclado/mkl_KeyboardParallelPort.o
 .debug_macro   0x0000009f      0x826 ./Sources/teclado/mkl_KeyboardParallelPort.o
 .debug_macro   0x000008c5       0x1c ./Sources/teclado/mkl_KeyboardParallelPort.o
 .debug_macro   0x000008e1       0x16 ./Sources/teclado/mkl_KeyboardParallelPort.o
 .debug_macro   0x000008f7       0x44 ./Sources/teclado/mkl_KeyboardParallelPort.o
 .debug_macro   0x0000093b      0x209 ./Sources/teclado/mkl_KeyboardParallelPort.o
 .debug_macro   0x00000b44       0x4c ./Sources/teclado/mkl_KeyboardParallelPort.o
 .debug_macro   0x00000b90       0x3a ./Sources/teclado/mkl_KeyboardParallelPort.o
 .debug_macro   0x00000bca       0x26 ./Sources/teclado/mkl_KeyboardParallelPort.o
 .debug_macro   0x00000bf0      0x306 ./Sources/teclado/mkl_KeyboardParallelPort.o
 .debug_macro   0x00000ef6       0x63 ./Sources/teclado/mkl_KeyboardParallelPort.o
 .debug_macro   0x00000f59     0x839f ./Sources/teclado/mkl_KeyboardParallelPort.o
 .debug_macro   0x000092f8       0x1f ./Sources/servicos/Cozimento.o
 .debug_macro   0x00009317       0x1f ./Sources/servicos/EditService.o
 .debug_macro   0x00009336       0x1f ./Sources/servicos/IncrementService.o
 .debug_macro   0x00009355       0xbd ./Sources/dispositivos/displaySegments.o
 .debug_macro   0x00009412       0xa1 ./Sources/dispositivos/switch.o
 .debug_macro   0x000094b3       0x1b ./Sources/digitais/registrador.o
 .debug_macro   0x000094ce      0x170 ./Sources/main.o
 .debug_macro   0x0000963e       0xef ./Sources/main.o
 .debug_macro   0x0000972d      0x322 ./Sources/main.o
 .debug_macro   0x00009a4f      0x174 ./Sources/main.o
 .debug_macro   0x00009bc3       0x7e ./Project_Settings/Startup_Code/system_MKL25Z4.o
 .debug_macro   0x00009c41      0x802 ./Project_Settings/Startup_Code/system_MKL25Z4.o
 .debug_macro   0x0000a443      0x306 ./Project_Settings/Startup_Code/system_MKL25Z4.o
 .debug_macro   0x0000a749      0x19f ./Includes/mkl_HC06BluetoothSlave.o
 .debug_macro   0x0000a8e8       0x16 ./Includes/mkl_HC06BluetoothSlave.o
 .debug_macro   0x0000a8fe       0x3a ./Includes/mkl_HC06BluetoothSlave.o
 .debug_macro   0x0000a938       0x58 ./Includes/mkl_HC06BluetoothSlave.o
 .debug_macro   0x0000a990       0x35 ./Includes/mkl_HC06BluetoothSlave.o
 .debug_macro   0x0000a9c5       0xa3 ./Includes/mkl_HC06BluetoothSlave.o
 .debug_macro   0x0000aa68       0x16 ./Includes/mkl_HC06BluetoothSlave.o
 .debug_macro   0x0000aa7e       0x52 ./Includes/mkl_HC06BluetoothSlave.o
 .debug_macro   0x0000aad0       0x16 ./Includes/mkl_HC06BluetoothSlave.o
 .debug_macro   0x0000aae6       0x43 ./Includes/mkl_HC06BluetoothSlave.o
 .debug_macro   0x0000ab29      0x180 ./Includes/mkl_HC06BluetoothSlave.o
 .debug_macro   0x0000aca9      0x2ad ./Includes/mkl_HC06BluetoothSlave.o
 .debug_macro   0x0000af56       0x10 ./Includes/mkl_HC06BluetoothSlave.o
 .debug_macro   0x0000af66       0x35 ./Includes/mkl_HC06BluetoothSlave.o
 .debug_macro   0x0000af9b       0x1f ./Includes/mkl_HC06BluetoothSlave.o
 .debug_macro   0x0000afba       0x8e ./Includes/mkl_HC06BluetoothSlave.o
 .debug_macro   0x0000b048      0x10b ./Includes/mkl_UARTInterrupt.o
 .debug_macro   0x0000b153       0xcd ./Includes/mkl_UARTPort.o

.debug_line     0x00000000     0x227e
 .debug_line    0x00000000      0x327 ./Sources/teclado/mkl_KeyboardParallelPort.o
 .debug_line    0x00000327      0x109 ./Sources/servicos/Cozimento.o
 .debug_line    0x00000430      0x104 ./Sources/servicos/EditService.o
 .debug_line    0x00000534      0x11e ./Sources/servicos/IncrementService.o
 .debug_line    0x00000652      0x389 ./Sources/dispositivos/displaySegments.o
 .debug_line    0x000009db      0x269 ./Sources/dispositivos/switch.o
 .debug_line    0x00000c44       0x84 ./Sources/digitais/registrador.o
 .debug_line    0x00000cc8      0x631 ./Sources/main.o
 .debug_line    0x000012f9       0x7b ./Project_Settings/Startup_Code/startup_MKL25Z4.o
 .debug_line    0x00001374      0x240 ./Project_Settings/Startup_Code/system_MKL25Z4.o
 .debug_line    0x000015b4      0x48a ./Includes/mkl_HC06BluetoothSlave.o
 .debug_line    0x00001a3e      0x3ea ./Includes/mkl_UARTInterrupt.o
 .debug_line    0x00001e28      0x456 ./Includes/mkl_UARTPort.o

.debug_str      0x00000000    0x3776d
 .debug_str     0x00000000    0x32056 ./Sources/teclado/mkl_KeyboardParallelPort.o
                              0x324b7 (size before relaxing)
 .debug_str     0x00032056      0x20a ./Sources/servicos/Cozimento.o
                               0x2559 (size before relaxing)
 .debug_str     0x00032260      0x159 ./Sources/servicos/EditService.o
                               0x2537 (size before relaxing)
 .debug_str     0x000323b9      0x165 ./Sources/servicos/IncrementService.o
                               0x258d (size before relaxing)
 .debug_str     0x0003251e      0x662 ./Sources/dispositivos/displaySegments.o
                              0x329d3 (size before relaxing)
 .debug_str     0x00032b80       0xc6 ./Sources/dispositivos/switch.o
                              0x32437 (size before relaxing)
 .debug_str     0x00032c46       0x43 ./Sources/digitais/registrador.o
                               0x23d5 (size before relaxing)
 .debug_str     0x00032c89     0x21fe ./Sources/main.o
                              0x34f1f (size before relaxing)
 .debug_str     0x00034e87      0x338 ./Project_Settings/Startup_Code/system_MKL25Z4.o
                              0x31f19 (size before relaxing)
 .debug_str     0x000351bf     0x23e7 ./Includes/mkl_HC06BluetoothSlave.o
                              0x3616b (size before relaxing)
 .debug_str     0x000375a6      0x128 ./Includes/mkl_UARTInterrupt.o
                              0x33c7b (size before relaxing)
 .debug_str     0x000376ce       0x9f ./Includes/mkl_UARTPort.o
                              0x337eb (size before relaxing)

.comment        0x00000000       0x70
 .comment       0x00000000       0x70 ./Sources/teclado/mkl_KeyboardParallelPort.o
                                 0x71 (size before relaxing)
 .comment       0x00000000       0x71 ./Sources/servicos/Cozimento.o
 .comment       0x00000000       0x71 ./Sources/servicos/EditService.o
 .comment       0x00000000       0x71 ./Sources/servicos/IncrementService.o
 .comment       0x00000000       0x71 ./Sources/dispositivos/displaySegments.o
 .comment       0x00000000       0x71 ./Sources/dispositivos/switch.o
 .comment       0x00000000       0x71 ./Sources/digitais/registrador.o
 .comment       0x00000000       0x71 ./Sources/main.o
 .comment       0x00000000       0x71 ./Project_Settings/Startup_Code/system_MKL25Z4.o
 .comment       0x00000000       0x71 ./Includes/mkl_HC06BluetoothSlave.o
 .comment       0x00000000       0x71 ./Includes/mkl_UARTInterrupt.o
 .comment       0x00000000       0x71 ./Includes/mkl_UARTPort.o

.debug_frame    0x00000000      0x9ec
 .debug_frame   0x00000000       0x90 ./Sources/teclado/mkl_KeyboardParallelPort.o
 .debug_frame   0x00000090       0x90 ./Sources/servicos/Cozimento.o
 .debug_frame   0x00000120       0x90 ./Sources/servicos/EditService.o
 .debug_frame   0x000001b0       0xb0 ./Sources/servicos/IncrementService.o
 .debug_frame   0x00000260       0xcc ./Sources/dispositivos/displaySegments.o
 .debug_frame   0x0000032c       0x70 ./Sources/dispositivos/switch.o
 .debug_frame   0x0000039c       0x70 ./Sources/digitais/registrador.o
 .debug_frame   0x0000040c       0xc4 ./Sources/main.o
 .debug_frame   0x000004d0       0x4c ./Project_Settings/Startup_Code/system_MKL25Z4.o
 .debug_frame   0x0000051c       0xf0 ./Includes/mkl_HC06BluetoothSlave.o
 .debug_frame   0x0000060c      0x174 ./Includes/mkl_UARTInterrupt.o
 .debug_frame   0x00000780      0x190 ./Includes/mkl_UARTPort.o
 .debug_frame   0x00000910       0x20 c:/freescale/kds_v3/toolchain/bin/../lib/gcc/arm-none-eabi/4.8.4/armv6-m\libgcc.a(_divsi3.o)
 .debug_frame   0x00000930       0x28 c:/freescale/kds_v3/toolchain/bin/../lib/gcc/arm-none-eabi/4.8.4/../../../../arm-none-eabi/lib/armv6-m\libg_s.a(lib_a-exit.o)
 .debug_frame   0x00000958       0x2c c:/freescale/kds_v3/toolchain/bin/../lib/gcc/arm-none-eabi/4.8.4/../../../../arm-none-eabi/lib/armv6-m\libg_s.a(lib_a-init.o)
 .debug_frame   0x00000984       0x28 c:/freescale/kds_v3/toolchain/bin/../lib/gcc/arm-none-eabi/4.8.4/../../../../arm-none-eabi/lib/armv6-m\libg_s.a(lib_a-memcpy-stub.o)
 .debug_frame   0x000009ac       0x20 c:/freescale/kds_v3/toolchain/bin/../lib/gcc/arm-none-eabi/4.8.4/../../../../arm-none-eabi/lib/armv6-m\libg_s.a(lib_a-memset.o)
 .debug_frame   0x000009cc       0x20 c:/freescale/kds_v3/toolchain/bin/../lib/gcc/arm-none-eabi/4.8.4/../../../../arm-none-eabi/lib/armv6-m\libnosys.a(_exit.o)

.stabstr        0x00000000       0x76
 .stabstr       0x00000000       0x76 c:/freescale/kds_v3/toolchain/bin/../lib/gcc/arm-none-eabi/4.8.4/../../../../arm-none-eabi/lib/armv6-m\libnosys.a(getpid.o)
